Java HotSpot(TM) 64-Bit Server VM (25.121-b13) for windows-amd64 JRE (1.8.0_121-b13), built on Dec 12 2016 18:21:36 by "java_re" with MS VC++ 10.0 (VS2010)
Memory: 4k page, physical 16713508k(3967660k free), swap 32966436k(9862712k free)
CommandLine flags: -XX:InitialHeapSize=536870912 -XX:InitialTenuringThreshold=1 -XX:MaxHeapSize=536870912 -XX:MaxNewSize=1048576 -XX:MaxTenuringThreshold=1 -XX:NewSize=1048576 -XX:PretenureSizeThreshold=50 -XX:+PrintGC -XX:+PrintGCDetails -XX:+PrintGCTimeStamps -XX:+UseCompressedClassPointers -XX:+UseCompressedOops -XX:-UseLargePagesIndividualAllocation -XX:+UseSerialGC 
0.102: [GC (Allocation Failure) 0.102: [DefNew: 896K->63K(960K), 0.0012452 secs] 1138K->715K(524224K), 0.0013707 secs] [Times: user=0.00 sys=0.00, real=0.00 secs] 
0.143: [GC (Allocation Failure) 0.144: [DefNew: 959K->64K(960K), 0.0013666 secs] 1951K->1266K(524224K), 0.0014349 secs] [Times: user=0.00 sys=0.00, real=0.00 secs] 
0.149: [GC (Allocation Failure) 0.149: [DefNew: 960K->64K(960K), 0.0014039 secs] 2188K->2152K(524224K), 0.0014634 secs] [Times: user=0.00 sys=0.00, real=0.00 secs] 
0.154: [GC (Allocation Failure) 0.154: [DefNew: 960K->64K(960K), 0.0016734 secs] 3105K->3085K(524224K), 0.0017408 secs] [Times: user=0.00 sys=0.00, real=0.00 secs] 
0.157: [GC (Allocation Failure) 0.157: [DefNew: 960K->63K(960K), 0.0014698 secs] 4076K->4058K(524224K), 0.0015312 secs] [Times: user=0.00 sys=0.00, real=0.00 secs] 
0.163: [GC (Allocation Failure) 0.163: [DefNew: 959K->63K(960K), 0.0015075 secs] 5020K->5016K(524224K), 0.0015867 secs] [Times: user=0.00 sys=0.00, real=0.00 secs] 
0.166: [GC (Allocation Failure) 0.166: [DefNew: 959K->63K(960K), 0.0012735 secs] 5940K->5926K(524224K), 0.0013322 secs] [Times: user=0.00 sys=0.00, real=0.00 secs] 
0.170: [GC (Allocation Failure) 0.170: [DefNew: 959K->64K(960K), 0.0011530 secs] 6849K->6836K(524224K), 0.0012024 secs] [Times: user=0.00 sys=0.00, real=0.00 secs] 
0.172: [GC (Allocation Failure) 0.172: [DefNew: 960K->63K(960K), 0.0011548 secs] 7733K->7728K(524224K), 0.0012094 secs] [Times: user=0.00 sys=0.00, real=0.00 secs] 
0.177: [GC (Allocation Failure) 0.177: [DefNew: 959K->64K(960K), 0.0011950 secs] 8778K->8766K(524224K), 0.0012481 secs] [Times: user=0.00 sys=0.00, real=0.00 secs] 
0.182: [GC (Allocation Failure) 0.182: [DefNew: 960K->64K(960K), 0.0010966 secs] 9713K->9696K(524224K), 0.0011445 secs] [Times: user=0.00 sys=0.00, real=0.00 secs] 
0.184: [GC (Allocation Failure) 0.184: [DefNew: 960K->63K(960K), 0.0011801 secs] 10592K->10591K(524224K), 0.0012258 secs] [Times: user=0.00 sys=0.00, real=0.00 secs] 
0.189: [GC (Allocation Failure) 0.189: [DefNew: 959K->63K(960K), 0.0011823 secs] 11487K->11484K(524224K), 0.0012277 secs] [Times: user=0.00 sys=0.00, real=0.00 secs] 
0.192: [GC (Allocation Failure) 0.192: [DefNew: 959K->63K(960K), 0.0011586 secs] 12381K->12377K(524224K), 0.0012021 secs] [Times: user=0.00 sys=0.00, real=0.00 secs] 
0.196: [GC (Allocation Failure) 0.196: [DefNew: 959K->64K(960K), 0.0014832 secs] 13273K->13268K(524224K), 0.0015407 secs] [Times: user=0.00 sys=0.00, real=0.00 secs] 
0.199: [GC (Allocation Failure) 0.199: [DefNew: 960K->63K(960K), 0.0016086 secs] 14165K->14160K(524224K), 0.0016726 secs] [Times: user=0.00 sys=0.00, real=0.00 secs] 
0.205: [GC (Allocation Failure) 0.205: [DefNew: 959K->63K(960K), 0.0021631 secs] 15056K->15052K(524224K), 0.0022454 secs] [Times: user=0.00 sys=0.00, real=0.00 secs] 
0.212: [GC (Allocation Failure) 0.212: [DefNew: 959K->63K(960K), 0.0022534 secs] 16204K->16200K(524224K), 0.0023211 secs] [Times: user=0.02 sys=0.00, real=0.00 secs] 
0.217: [GC (Allocation Failure) 0.217: [DefNew: 959K->63K(960K), 0.0014407 secs] 17096K->17090K(524224K), 0.0014917 secs] [Times: user=0.00 sys=0.00, real=0.00 secs] 
0.219: [GC (Allocation Failure) 0.219: [DefNew: 959K->64K(960K), 0.0013161 secs] 17986K->17981K(524224K), 0.0013568 secs] [Times: user=0.00 sys=0.00, real=0.00 secs] 
0.224: [GC (Allocation Failure) 0.224: [DefNew: 960K->63K(960K), 0.0016730 secs] 18878K->18873K(524224K), 0.0017321 secs] [Times: user=0.00 sys=0.00, real=0.00 secs] 
0.228: [GC (Allocation Failure) 0.228: [DefNew: 959K->63K(960K), 0.0015967 secs] 19769K->19764K(524224K), 0.0016441 secs] [Times: user=0.02 sys=0.00, real=0.00 secs] 
0.233: [GC (Allocation Failure) 0.233: [DefNew: 959K->64K(960K), 0.0020328 secs] 20661K->20656K(524224K), 0.0020921 secs] [Times: user=0.00 sys=0.00, real=0.00 secs] 
0.236: [GC (Allocation Failure) 0.236: [DefNew: 960K->63K(960K), 0.0014483 secs] 21552K->21547K(524224K), 0.0014917 secs] [Times: user=0.00 sys=0.00, real=0.00 secs] 
0.239: [GC (Allocation Failure) 0.239: [DefNew: 959K->63K(960K), 0.0015968 secs] 22444K->22439K(524224K), 0.0016470 secs] [Times: user=0.00 sys=0.00, real=0.00 secs] 
0.243: [GC (Allocation Failure) 0.243: [DefNew: 959K->64K(960K), 0.0017689 secs] 23335K->23331K(524224K), 0.0018272 secs] [Times: user=0.02 sys=0.00, real=0.00 secs] 
0.248: [GC (Allocation Failure) 0.248: [DefNew: 960K->63K(960K), 0.0017695 secs] 24227K->24223K(524224K), 0.0018480 secs] [Times: user=0.00 sys=0.00, real=0.00 secs] 
0.251: [GC (Allocation Failure) 0.251: [DefNew: 959K->63K(960K), 0.0017254 secs] 25119K->25114K(524224K), 0.0017736 secs] [Times: user=0.00 sys=0.00, real=0.00 secs] 
0.256: [GC (Allocation Failure) 0.256: [DefNew: 959K->63K(960K), 0.0020302 secs] 26011K->26006K(524224K), 0.0021060 secs] [Times: user=0.00 sys=0.00, real=0.00 secs] 
0.262: [GC (Allocation Failure) 0.262: [DefNew: 959K->63K(960K), 0.0016399 secs] 26902K->26897K(524224K), 0.0017068 secs] [Times: user=0.00 sys=0.00, real=0.00 secs] 
0.266: [GC (Allocation Failure) 0.266: [DefNew: 959K->63K(960K), 0.0016204 secs] 27794K->27789K(524224K), 0.0016631 secs] [Times: user=0.00 sys=0.00, real=0.00 secs] 
0.271: [GC (Allocation Failure) 0.271: [DefNew: 959K->63K(960K), 0.0016420 secs] 28685K->28681K(524224K), 0.0016866 secs] [Times: user=0.00 sys=0.00, real=0.00 secs] 
0.274: [GC (Allocation Failure) 0.274: [DefNew: 959K->63K(960K), 0.0020786 secs] 29577K->29573K(524224K), 0.0021362 secs] [Times: user=0.00 sys=0.02, real=0.00 secs] 
0.281: [GC (Allocation Failure) 0.281: [DefNew: 959K->63K(960K), 0.0022340 secs] 30981K->30976K(524224K), 0.0022945 secs] [Times: user=0.00 sys=0.00, real=0.00 secs] 
0.284: [GC (Allocation Failure) 0.284: [DefNew: 959K->63K(960K), 0.0025167 secs] 31873K->31866K(524224K), 0.0025800 secs] [Times: user=0.00 sys=0.00, real=0.00 secs] 
0.290: [GC (Allocation Failure) 0.290: [DefNew: 959K->63K(960K), 0.0018015 secs] 32763K->32758K(524224K), 0.0018650 secs] [Times: user=0.01 sys=0.00, real=0.00 secs] 
0.293: [GC (Allocation Failure) 0.293: [DefNew: 959K->64K(960K), 0.0020705 secs] 33654K->33649K(524224K), 0.0021335 secs] [Times: user=0.00 sys=0.00, real=0.00 secs] 
0.297: [GC (Allocation Failure) 0.297: [DefNew: 960K->63K(960K), 0.0017262 secs] 34545K->34541K(524224K), 0.0017733 secs] [Times: user=0.00 sys=0.00, real=0.00 secs] 
0.300: [GC (Allocation Failure) 0.300: [DefNew: 959K->64K(960K), 0.0017830 secs] 35437K->35433K(524224K), 0.0018315 secs] [Times: user=0.00 sys=0.00, real=0.00 secs] 
0.305: [GC (Allocation Failure) 0.305: [DefNew: 960K->63K(960K), 0.0018703 secs] 36329K->36324K(524224K), 0.0019261 secs] [Times: user=0.02 sys=0.00, real=0.00 secs] 
0.309: [GC (Allocation Failure) 0.309: [DefNew: 959K->63K(960K), 0.0019829 secs] 37222K->37211K(524224K), 0.0020359 secs] [Times: user=0.00 sys=0.00, real=0.00 secs] 
0.314: [GC (Allocation Failure) 0.314: [DefNew: 959K->63K(960K), 0.0024150 secs] 38108K->38102K(524224K), 0.0024792 secs] [Times: user=0.00 sys=0.00, real=0.00 secs] 
0.319: [GC (Allocation Failure) 0.319: [DefNew: 959K->63K(960K), 0.0019396 secs] 38999K->38987K(524224K), 0.0019940 secs] [Times: user=0.00 sys=0.00, real=0.00 secs] 
0.324: [GC (Allocation Failure) 0.324: [DefNew: 959K->63K(960K), 0.0021009 secs] 39884K->39874K(524224K), 0.0021613 secs] [Times: user=0.00 sys=0.00, real=0.00 secs] 
0.327: [GC (Allocation Failure) 0.327: [DefNew: 959K->63K(960K), 0.0018536 secs] 40770K->40760K(524224K), 0.0019003 secs] [Times: user=0.00 sys=0.00, real=0.00 secs] 
0.331: [GC (Allocation Failure) 0.331: [DefNew: 959K->64K(960K), 0.0025015 secs] 41657K->41644K(524224K), 0.0025680 secs] [Times: user=0.00 sys=0.00, real=0.00 secs] 
0.336: [GC (Allocation Failure) 0.336: [DefNew: 960K->63K(960K), 0.0019059 secs] 42541K->42530K(524224K), 0.0019503 secs] [Times: user=0.00 sys=0.02, real=0.00 secs] 
0.342: [GC (Allocation Failure) 0.342: [DefNew: 959K->63K(960K), 0.0018914 secs] 43426K->43413K(524224K), 0.0019454 secs] [Times: user=0.00 sys=0.00, real=0.00 secs] 
0.345: [GC (Allocation Failure) 0.345: [DefNew: 959K->63K(960K), 0.0017560 secs] 44310K->44295K(524224K), 0.0017994 secs] [Times: user=0.00 sys=0.00, real=0.00 secs] 
0.350: [GC (Allocation Failure) 0.350: [DefNew: 959K->64K(960K), 0.0020929 secs] 45191K->45173K(524224K), 0.0021633 secs] [Times: user=0.00 sys=0.00, real=0.00 secs] 
0.354: [GC (Allocation Failure) 0.354: [DefNew: 960K->63K(960K), 0.0027721 secs] 46071K->46054K(524224K), 0.0028384 secs] [Times: user=0.00 sys=0.00, real=0.00 secs] 
0.359: [GC (Allocation Failure) 0.359: [DefNew: 959K->63K(960K), 0.0023668 secs] 46951K->46939K(524224K), 0.0024279 secs] [Times: user=0.00 sys=0.00, real=0.00 secs] 
0.363: [GC (Allocation Failure) 0.363: [DefNew: 959K->63K(960K), 0.0019446 secs] 47835K->47822K(524224K), 0.0019897 secs] [Times: user=0.00 sys=0.00, real=0.00 secs] 
0.366: [GC (Allocation Failure) 0.366: [DefNew: 959K->64K(960K), 0.0021471 secs] 48718K->48700K(524224K), 0.0022013 secs] [Times: user=0.00 sys=0.00, real=0.00 secs] 
0.372: [GC (Allocation Failure) 0.372: [DefNew: 960K->63K(960K), 0.0027101 secs] 49597K->49584K(524224K), 0.0027743 secs] [Times: user=0.00 sys=0.00, real=0.00 secs] 
0.376: [GC (Allocation Failure) 0.376: [DefNew: 959K->63K(960K), 0.0027348 secs] 50481K->50469K(524224K), 0.0027939 secs] [Times: user=0.00 sys=0.00, real=0.00 secs] 
0.383: [GC (Allocation Failure) 0.383: [DefNew: 959K->64K(960K), 0.0022654 secs] 51365K->51353K(524224K), 0.0023145 secs] [Times: user=0.00 sys=0.02, real=0.00 secs] 
0.387: [GC (Allocation Failure) 0.387: [DefNew: 960K->63K(960K), 0.0026443 secs] 52249K->52238K(524224K), 0.0027117 secs] [Times: user=0.00 sys=0.00, real=0.00 secs] 
0.392: [GC (Allocation Failure) 0.392: [DefNew: 959K->63K(960K), 0.0022682 secs] 53134K->53120K(524224K), 0.0023236 secs] [Times: user=0.00 sys=0.00, real=0.00 secs] 
0.396: [GC (Allocation Failure) 0.396: [DefNew: 959K->63K(960K), 0.0019908 secs] 54017K->54003K(524224K), 0.0020302 secs] [Times: user=0.00 sys=0.00, real=0.00 secs] 
0.402: [GC (Allocation Failure) 0.402: [DefNew: 959K->63K(960K), 0.0022613 secs] 54900K->54882K(524224K), 0.0023083 secs] [Times: user=0.00 sys=0.00, real=0.00 secs] 
0.405: [GC (Allocation Failure) 0.405: [DefNew: 959K->63K(960K), 0.0019652 secs] 55778K->55752K(524224K), 0.0020033 secs] [Times: user=0.00 sys=0.00, real=0.00 secs] 
0.410: [GC (Allocation Failure) 0.410: [DefNew: 959K->63K(960K), 0.0019588 secs] 56648K->56623K(524224K), 0.0020050 secs] [Times: user=0.00 sys=0.00, real=0.00 secs] 
0.413: [GC (Allocation Failure) 0.413: [DefNew: 959K->63K(960K), 0.0021177 secs] 57519K->57496K(524224K), 0.0021564 secs] [Times: user=0.00 sys=0.00, real=0.00 secs] 
0.424: [GC (Allocation Failure) 0.424: [DefNew: 959K->63K(960K), 0.0031673 secs] 59416K->59400K(524224K), 0.0032337 secs] [Times: user=0.00 sys=0.00, real=0.00 secs] 
0.429: [GC (Allocation Failure) 0.429: [DefNew: 959K->63K(960K), 0.0021264 secs] 60296K->60283K(524224K), 0.0021724 secs] [Times: user=0.00 sys=0.00, real=0.00 secs] 
0.434: [GC (Allocation Failure) 0.434: [DefNew: 959K->64K(960K), 0.0020253 secs] 61179K->61167K(524224K), 0.0020805 secs] [Times: user=0.00 sys=0.00, real=0.00 secs] 
0.437: [GC (Allocation Failure) 0.437: [DefNew: 960K->63K(960K), 0.0020818 secs] 62064K->62052K(524224K), 0.0021352 secs] [Times: user=0.00 sys=0.00, real=0.00 secs] 
0.442: [GC (Allocation Failure) 0.442: [DefNew: 959K->64K(960K), 0.0021254 secs] 62948K->62934K(524224K), 0.0021673 secs] [Times: user=0.00 sys=0.00, real=0.00 secs] 
0.445: [GC (Allocation Failure) 0.445: [DefNew: 960K->63K(960K), 0.0021410 secs] 63831K->63815K(524224K), 0.0021828 secs] [Times: user=0.00 sys=0.00, real=0.00 secs] 
0.450: [GC (Allocation Failure) 0.450: [DefNew: 959K->64K(960K), 0.0028136 secs] 64711K->64696K(524224K), 0.0028774 secs] [Times: user=0.00 sys=0.00, real=0.00 secs] 
0.454: [GC (Allocation Failure) 0.454: [DefNew: 960K->63K(960K), 0.0021774 secs] 65593K->65581K(524224K), 0.0022489 secs] [Times: user=0.00 sys=0.00, real=0.00 secs] 
0.460: [GC (Allocation Failure) 0.460: [DefNew: 959K->63K(960K), 0.0025068 secs] 66477K->66468K(524224K), 0.0025532 secs] [Times: user=0.00 sys=0.00, real=0.00 secs] 
0.464: [GC (Allocation Failure) 0.464: [DefNew: 959K->64K(960K), 0.0020655 secs] 67365K->67353K(524224K), 0.0021099 secs] [Times: user=0.00 sys=0.00, real=0.00 secs] 
0.470: [GC (Allocation Failure) 0.470: [DefNew: 960K->64K(960K), 0.0020165 secs] 68250K->68242K(524224K), 0.0020567 secs] [Times: user=0.00 sys=0.00, real=0.00 secs] 
0.473: [GC (Allocation Failure) 0.473: [DefNew: 960K->64K(960K), 0.0019288 secs] 69138K->69130K(524224K), 0.0019695 secs] [Times: user=0.00 sys=0.00, real=0.00 secs] 
0.479: [GC (Allocation Failure) 0.479: [DefNew: 960K->64K(960K), 0.0022560 secs] 70027K->70015K(524224K), 0.0023045 secs] [Times: user=0.00 sys=0.00, real=0.00 secs] 
0.482: [GC (Allocation Failure) 0.482: [DefNew: 960K->63K(960K), 0.0019864 secs] 70911K->70902K(524224K), 0.0020252 secs] [Times: user=0.00 sys=0.00, real=0.00 secs] 
0.487: [GC (Allocation Failure) 0.487: [DefNew: 959K->63K(960K), 0.0021346 secs] 71800K->71793K(524224K), 0.0021712 secs] [Times: user=0.00 sys=0.00, real=0.00 secs] 
0.491: [GC (Allocation Failure) 0.491: [DefNew: 959K->63K(960K), 0.0019934 secs] 72690K->72680K(524224K), 0.0020396 secs] [Times: user=0.00 sys=0.00, real=0.00 secs] 
0.497: [GC (Allocation Failure) 0.497: [DefNew: 959K->64K(960K), 0.0021424 secs] 73576K->73570K(524224K), 0.0021910 secs] [Times: user=0.00 sys=0.00, real=0.00 secs] 
0.502: [GC (Allocation Failure) 0.502: [DefNew: 960K->64K(960K), 0.0021500 secs] 74466K->74460K(524224K), 0.0021992 secs] [Times: user=0.00 sys=0.00, real=0.00 secs] 
0.505: [GC (Allocation Failure) 0.505: [DefNew: 960K->63K(960K), 0.0020082 secs] 75356K->75349K(524224K), 0.0020431 secs] [Times: user=0.00 sys=0.00, real=0.00 secs] 
0.510: [GC (Allocation Failure) 0.510: [DefNew: 959K->64K(960K), 0.0024229 secs] 76246K->76237K(524224K), 0.0024784 secs] [Times: user=0.00 sys=0.00, real=0.00 secs] 
0.514: [GC (Allocation Failure) 0.514: [DefNew: 960K->63K(960K), 0.0018985 secs] 77135K->77128K(524224K), 0.0019332 secs] [Times: user=0.00 sys=0.00, real=0.00 secs] 
0.518: [GC (Allocation Failure) 0.518: [DefNew: 959K->63K(960K), 0.0019483 secs] 78025K->78018K(524224K), 0.0019850 secs] [Times: user=0.00 sys=0.00, real=0.00 secs] 
0.521: [GC (Allocation Failure) 0.521: [DefNew: 959K->63K(960K), 0.0021039 secs] 78914K->78906K(524224K), 0.0021501 secs] [Times: user=0.00 sys=0.00, real=0.00 secs] 
0.527: [GC (Allocation Failure) 0.527: [DefNew: 959K->63K(960K), 0.0023306 secs] 79804K->79793K(524224K), 0.0023725 secs] [Times: user=0.00 sys=0.00, real=0.00 secs] 
0.531: [GC (Allocation Failure) 0.531: [DefNew: 959K->63K(960K), 0.0021752 secs] 80689K->80683K(524224K), 0.0022155 secs] [Times: user=0.00 sys=0.00, real=0.00 secs] 
0.536: [GC (Allocation Failure) 0.536: [DefNew: 959K->63K(960K), 0.0023611 secs] 81579K->81572K(524224K), 0.0023998 secs] [Times: user=0.00 sys=0.00, real=0.00 secs] 
0.540: [GC (Allocation Failure) 0.540: [DefNew: 959K->63K(960K), 0.0026746 secs] 82468K->82460K(524224K), 0.0027262 secs] [Times: user=0.02 sys=0.00, real=0.00 secs] 
0.546: [GC (Allocation Failure) 0.546: [DefNew: 959K->64K(960K), 0.0025038 secs] 83356K->83351K(524224K), 0.0025588 secs] [Times: user=0.00 sys=0.00, real=0.00 secs] 
0.550: [GC (Allocation Failure) 0.550: [DefNew: 960K->63K(960K), 0.0022832 secs] 84247K->84240K(524224K), 0.0023295 secs] [Times: user=0.00 sys=0.00, real=0.00 secs] 
0.556: [GC (Allocation Failure) 0.556: [DefNew: 959K->63K(960K), 0.0019735 secs] 85136K->85129K(524224K), 0.0020104 secs] [Times: user=0.02 sys=0.00, real=0.00 secs] 
0.559: [GC (Allocation Failure) 0.559: [DefNew: 959K->64K(960K), 0.0023159 secs] 86026K->86016K(524224K), 0.0023678 secs] [Times: user=0.00 sys=0.00, real=0.00 secs] 
0.563: [GC (Allocation Failure) 0.563: [DefNew: 960K->64K(960K), 0.0021532 secs] 86913K->86907K(524224K), 0.0021917 secs] [Times: user=0.00 sys=0.00, real=0.00 secs] 
0.566: [GC (Allocation Failure) 0.566: [DefNew: 960K->64K(960K), 0.0021945 secs] 87803K->87797K(524224K), 0.0022453 secs] [Times: user=0.00 sys=0.00, real=0.00 secs] 
0.570: [GC (Allocation Failure) 0.570: [DefNew: 960K->63K(960K), 0.0024685 secs] 88694K->88686K(524224K), 0.0025162 secs] [Times: user=0.00 sys=0.00, real=0.00 secs] 
0.574: [GC (Allocation Failure) 0.574: [DefNew: 959K->63K(960K), 0.0031211 secs] 89582K->89578K(524224K), 0.0031828 secs] [Times: user=0.00 sys=0.00, real=0.00 secs] 
0.580: [GC (Allocation Failure) 0.580: [DefNew: 959K->63K(960K), 0.0023718 secs] 90474K->90469K(524224K), 0.0024136 secs] [Times: user=0.00 sys=0.00, real=0.00 secs] 
0.585: [GC (Allocation Failure) 0.585: [DefNew: 959K->63K(960K), 0.0022819 secs] 91365K->91359K(524224K), 0.0023294 secs] [Times: user=0.00 sys=0.00, real=0.00 secs] 
0.589: [GC (Allocation Failure) 0.589: [DefNew: 959K->64K(960K), 0.0022425 secs] 92255K->92249K(524224K), 0.0022979 secs] [Times: user=0.00 sys=0.00, real=0.00 secs] 
0.594: [GC (Allocation Failure) 0.594: [DefNew: 960K->64K(960K), 0.0032997 secs] 93147K->93142K(524224K), 0.0033897 secs] [Times: user=0.00 sys=0.00, real=0.00 secs] 
0.600: [GC (Allocation Failure) 0.600: [DefNew: 960K->63K(960K), 0.0033179 secs] 94039K->94033K(524224K), 0.0034069 secs] [Times: user=0.00 sys=0.00, real=0.00 secs] 
0.607: [GC (Allocation Failure) 0.607: [DefNew: 959K->63K(960K), 0.0025914 secs] 94929K->94925K(524224K), 0.0026468 secs] [Times: user=0.00 sys=0.00, real=0.00 secs] 
0.612: [GC (Allocation Failure) 0.612: [DefNew: 959K->63K(960K), 0.0023834 secs] 95822K->95816K(524224K), 0.0024331 secs] [Times: user=0.00 sys=0.00, real=0.00 secs] 
0.619: [GC (Allocation Failure) 0.619: [DefNew: 959K->63K(960K), 0.0025889 secs] 96712K->96706K(524224K), 0.0026425 secs] [Times: user=0.00 sys=0.00, real=0.00 secs] 
0.624: [GC (Allocation Failure) 0.624: [DefNew: 959K->63K(960K), 0.0027976 secs] 97603K->97598K(524224K), 0.0028530 secs] [Times: user=0.00 sys=0.00, real=0.00 secs] 
0.629: [GC (Allocation Failure) 0.629: [DefNew: 959K->63K(960K), 0.0022150 secs] 98494K->98489K(524224K), 0.0022794 secs] [Times: user=0.00 sys=0.00, real=0.00 secs] 
0.633: [GC (Allocation Failure) 0.633: [DefNew: 959K->64K(960K), 0.0022436 secs] 99388K->99382K(524224K), 0.0022858 secs] [Times: user=0.02 sys=0.00, real=0.00 secs] 
0.638: [GC (Allocation Failure) 0.638: [DefNew: 960K->64K(960K), 0.0028714 secs] 100278K->100272K(524224K), 0.0029238 secs] [Times: user=0.00 sys=0.00, real=0.00 secs] 
0.643: [GC (Allocation Failure) 0.643: [DefNew: 960K->63K(960K), 0.0027870 secs] 101168K->101163K(524224K), 0.0028600 secs] [Times: user=0.00 sys=0.00, real=0.00 secs] 
0.649: [GC (Allocation Failure) 0.649: [DefNew: 959K->63K(960K), 0.0030832 secs] 102060K->102053K(524224K), 0.0031470 secs] [Times: user=0.01 sys=0.00, real=0.00 secs] 
0.654: [GC (Allocation Failure) 0.654: [DefNew: 959K->64K(960K), 0.0024643 secs] 102949K->102943K(524224K), 0.0025208 secs] [Times: user=0.00 sys=0.00, real=0.00 secs] 
0.660: [GC (Allocation Failure) 0.660: [DefNew: 960K->63K(960K), 0.0024164 secs] 103841K->103835K(524224K), 0.0024710 secs] [Times: user=0.00 sys=0.00, real=0.00 secs] 
0.664: [GC (Allocation Failure) 0.664: [DefNew: 959K->63K(960K), 0.0025851 secs] 104731K->104726K(524224K), 0.0026419 secs] [Times: user=0.02 sys=0.00, real=0.00 secs] 
0.671: [GC (Allocation Failure) 0.671: [DefNew: 959K->63K(960K), 0.0025560 secs] 105625K->105619K(524224K), 0.0026140 secs] [Times: user=0.00 sys=0.00, real=0.00 secs] 
0.676: [GC (Allocation Failure) 0.676: [DefNew: 959K->63K(960K), 0.0025204 secs] 106516K->106510K(524224K), 0.0025929 secs] [Times: user=0.00 sys=0.00, real=0.00 secs] 
0.682: [GC (Allocation Failure) 0.682: [DefNew: 959K->63K(960K), 0.0028000 secs] 107407K->107401K(524224K), 0.0028653 secs] [Times: user=0.00 sys=0.00, real=0.00 secs] 
0.686: [GC (Allocation Failure) 0.686: [DefNew: 959K->63K(960K), 0.0024442 secs] 108299K->108293K(524224K), 0.0024955 secs] [Times: user=0.00 sys=0.00, real=0.00 secs] 
0.692: [GC (Allocation Failure) 0.692: [DefNew: 959K->63K(960K), 0.0022343 secs] 109192K->109185K(524224K), 0.0022869 secs] [Times: user=0.00 sys=0.00, real=0.00 secs] 
0.696: [GC (Allocation Failure) 0.696: [DefNew: 959K->63K(960K), 0.0025935 secs] 110082K->110076K(524224K), 0.0026465 secs] [Times: user=0.01 sys=0.00, real=0.00 secs] 
0.703: [GC (Allocation Failure) 0.703: [DefNew: 959K->63K(960K), 0.0025848 secs] 110972K->110966K(524224K), 0.0026409 secs] [Times: user=0.00 sys=0.00, real=0.00 secs] 
0.707: [GC (Allocation Failure) 0.708: [DefNew: 959K->63K(960K), 0.0023730 secs] 111864K->111859K(524224K), 0.0024258 secs] [Times: user=0.00 sys=0.00, real=0.00 secs] 
0.712: [GC (Allocation Failure) 0.712: [DefNew: 959K->64K(960K), 0.0028343 secs] 112755K->112748K(524224K), 0.0028908 secs] [Times: user=0.02 sys=0.00, real=0.00 secs] 
0.717: [GC (Allocation Failure) 0.717: [DefNew: 960K->63K(960K), 0.0032429 secs] 113645K->113640K(524224K), 0.0032960 secs] [Times: user=0.00 sys=0.00, real=0.00 secs] 
0.722: [GC (Allocation Failure) 0.722: [DefNew: 959K->63K(960K), 0.0026010 secs] 114538K->114532K(524224K), 0.0026690 secs] [Times: user=0.00 sys=0.00, real=0.00 secs] 
0.726: [GC (Allocation Failure) 0.726: [DefNew: 959K->63K(960K), 0.0023375 secs] 115428K->115423K(524224K), 0.0023787 secs] [Times: user=0.00 sys=0.00, real=0.00 secs] 
0.747: [GC (Allocation Failure) 0.747: [DefNew: 959K->63K(960K), 0.0062707 secs] 118368K->118362K(524224K), 0.0063377 secs] [Times: user=0.00 sys=0.00, real=0.01 secs] 
0.754: [GC (Allocation Failure) 0.754: [DefNew: 959K->64K(960K), 0.0034132 secs] 119259K->119252K(524224K), 0.0034623 secs] [Times: user=0.00 sys=0.00, real=0.00 secs] 
0.759: [GC (Allocation Failure) 0.759: [DefNew: 960K->63K(960K), 0.0024451 secs] 120149K->120144K(524224K), 0.0024921 secs] [Times: user=0.02 sys=0.00, real=0.00 secs] 
0.763: [GC (Allocation Failure) 0.763: [DefNew: 959K->64K(960K), 0.0024171 secs] 121040K->121035K(524224K), 0.0024639 secs] [Times: user=0.00 sys=0.00, real=0.00 secs] 
0.769: [GC (Allocation Failure) 0.769: [DefNew: 960K->63K(960K), 0.0025937 secs] 121931K->121927K(524224K), 0.0026501 secs] [Times: user=0.00 sys=0.00, real=0.00 secs] 
0.773: [GC (Allocation Failure) 0.773: [DefNew: 959K->63K(960K), 0.0025309 secs] 122823K->122819K(524224K), 0.0025762 secs] [Times: user=0.00 sys=0.00, real=0.00 secs] 
0.779: [GC (Allocation Failure) 0.779: [DefNew: 959K->63K(960K), 0.0029978 secs] 123715K->123710K(524224K), 0.0030621 secs] [Times: user=0.00 sys=0.00, real=0.00 secs] 
0.785: [GC (Allocation Failure) 0.785: [DefNew: 959K->63K(960K), 0.0025107 secs] 124606K->124602K(524224K), 0.0025619 secs] [Times: user=0.00 sys=0.00, real=0.00 secs] 
0.789: [GC (Allocation Failure) 0.789: [DefNew: 959K->63K(960K), 0.0025265 secs] 125498K->125493K(524224K), 0.0025749 secs] [Times: user=0.01 sys=0.00, real=0.00 secs] 
0.796: [GC (Allocation Failure) 0.796: [DefNew: 959K->63K(960K), 0.0026087 secs] 126389K->126383K(524224K), 0.0026598 secs] [Times: user=0.00 sys=0.00, real=0.00 secs] 
0.800: [GC (Allocation Failure) 0.800: [DefNew: 959K->63K(960K), 0.0024998 secs] 127279K->127274K(524224K), 0.0025478 secs] [Times: user=0.00 sys=0.00, real=0.00 secs] 
0.806: [GC (Allocation Failure) 0.806: [DefNew: 959K->63K(960K), 0.0025250 secs] 128170K->128166K(524224K), 0.0025772 secs] [Times: user=0.02 sys=0.00, real=0.00 secs] 
0.810: [GC (Allocation Failure) 0.810: [DefNew: 959K->63K(960K), 0.0030725 secs] 129062K->129056K(524224K), 0.0031359 secs] [Times: user=0.00 sys=0.00, real=0.00 secs] 
0.816: [GC (Allocation Failure) 0.816: [DefNew: 959K->63K(960K), 0.0028855 secs] 129953K->129948K(524224K), 0.0029349 secs] [Times: user=0.00 sys=0.00, real=0.00 secs] 
0.821: [GC (Allocation Failure) 0.821: [DefNew: 959K->63K(960K), 0.0028883 secs] 130844K->130840K(524224K), 0.0029372 secs] [Times: user=0.01 sys=0.00, real=0.00 secs] 
0.828: [GC (Allocation Failure) 0.828: [DefNew: 959K->64K(960K), 0.0026899 secs] 131736K->131731K(524224K), 0.0027462 secs] [Times: user=0.00 sys=0.00, real=0.00 secs] 
0.832: [GC (Allocation Failure) 0.832: [DefNew: 960K->64K(960K), 0.0025874 secs] 132627K->132622K(524224K), 0.0026315 secs] [Times: user=0.00 sys=0.00, real=0.00 secs] 
0.838: [GC (Allocation Failure) 0.838: [DefNew: 960K->64K(960K), 0.0025565 secs] 133518K->133513K(524224K), 0.0026099 secs] [Times: user=0.00 sys=0.00, real=0.00 secs] 
0.843: [GC (Allocation Failure) 0.843: [DefNew: 960K->63K(960K), 0.0025302 secs] 134409K->134404K(524224K), 0.0025748 secs] [Times: user=0.00 sys=0.00, real=0.00 secs] 
0.849: [GC (Allocation Failure) 0.849: [DefNew: 959K->64K(960K), 0.0025924 secs] 135300K->135295K(524224K), 0.0026443 secs] [Times: user=0.00 sys=0.00, real=0.00 secs] 
0.853: [GC (Allocation Failure) 0.853: [DefNew: 960K->63K(960K), 0.0028490 secs] 136191K->136186K(524224K), 0.0029004 secs] [Times: user=0.02 sys=0.00, real=0.00 secs] 
0.859: [GC (Allocation Failure) 0.859: [DefNew: 959K->64K(960K), 0.0030418 secs] 137082K->137078K(524224K), 0.0031066 secs] [Times: user=0.00 sys=0.00, real=0.00 secs] 
0.863: [GC (Allocation Failure) 0.863: [DefNew: 960K->63K(960K), 0.0033706 secs] 137974K->137969K(524224K), 0.0034276 secs] [Times: user=0.00 sys=0.00, real=0.00 secs] 
0.870: [GC (Allocation Failure) 0.870: [DefNew: 959K->64K(960K), 0.0025679 secs] 138866K->138861K(524224K), 0.0026186 secs] [Times: user=0.00 sys=0.00, real=0.00 secs] 
0.875: [GC (Allocation Failure) 0.875: [DefNew: 960K->63K(960K), 0.0029181 secs] 139757K->139752K(524224K), 0.0029998 secs] [Times: user=0.00 sys=0.00, real=0.00 secs] 
0.880: [GC (Allocation Failure) 0.880: [DefNew: 959K->63K(960K), 0.0036003 secs] 140649K->140644K(524224K), 0.0036747 secs] [Times: user=0.00 sys=0.00, real=0.00 secs] 
0.887: [GC (Allocation Failure) 0.887: [DefNew: 959K->63K(960K), 0.0032626 secs] 141540K->141535K(524224K), 0.0033313 secs] [Times: user=0.00 sys=0.00, real=0.00 secs] 
0.892: [GC (Allocation Failure) 0.892: [DefNew: 959K->64K(960K), 0.0029761 secs] 142432K->142427K(524224K), 0.0030438 secs] [Times: user=0.00 sys=0.00, real=0.00 secs] 
0.899: [GC (Allocation Failure) 0.899: [DefNew: 960K->64K(960K), 0.0039322 secs] 143323K->143319K(524224K), 0.0040316 secs] [Times: user=0.02 sys=0.00, real=0.00 secs] 
0.906: [GC (Allocation Failure) 0.906: [DefNew: 960K->63K(960K), 0.0034081 secs] 144215K->144211K(524224K), 0.0034939 secs] [Times: user=0.00 sys=0.00, real=0.00 secs] 
0.914: [GC (Allocation Failure) 0.914: [DefNew: 959K->63K(960K), 0.0032517 secs] 145107K->145102K(524224K), 0.0033249 secs] [Times: user=0.02 sys=0.00, real=0.00 secs] 
0.919: [GC (Allocation Failure) 0.919: [DefNew: 959K->63K(960K), 0.0036867 secs] 145999K->145994K(524224K), 0.0037579 secs] [Times: user=0.00 sys=0.00, real=0.00 secs] 
0.926: [GC (Allocation Failure) 0.926: [DefNew: 959K->64K(960K), 0.0035709 secs] 146890K->146885K(524224K), 0.0036467 secs] [Times: user=0.00 sys=0.00, real=0.00 secs] 
0.932: [GC (Allocation Failure) 0.932: [DefNew: 960K->64K(960K), 0.0030616 secs] 147782K->147777K(524224K), 0.0031195 secs] [Times: user=0.00 sys=0.00, real=0.00 secs] 
0.938: [GC (Allocation Failure) 0.938: [DefNew: 960K->64K(960K), 0.0033071 secs] 148673K->148669K(524224K), 0.0033872 secs] [Times: user=0.00 sys=0.00, real=0.00 secs] 
0.942: [GC (Allocation Failure) 0.942: [DefNew: 960K->63K(960K), 0.0027752 secs] 149565K->149561K(524224K), 0.0028350 secs] [Times: user=0.00 sys=0.00, real=0.00 secs] 
0.948: [GC (Allocation Failure) 0.948: [DefNew: 959K->63K(960K), 0.0037481 secs] 150457K->150452K(524224K), 0.0038284 secs] [Times: user=0.00 sys=0.00, real=0.00 secs] 
0.954: [GC (Allocation Failure) 0.954: [DefNew: 959K->63K(960K), 0.0033339 secs] 151349K->151344K(524224K), 0.0034092 secs] [Times: user=0.00 sys=0.00, real=0.00 secs] 
0.962: [GC (Allocation Failure) 0.962: [DefNew: 959K->63K(960K), 0.0034409 secs] 152240K->152235K(524224K), 0.0035199 secs] [Times: user=0.02 sys=0.00, real=0.00 secs] 
0.968: [GC (Allocation Failure) 0.968: [DefNew: 959K->64K(960K), 0.0032493 secs] 153132K->153127K(524224K), 0.0033193 secs] [Times: user=0.00 sys=0.00, real=0.00 secs] 
0.974: [GC (Allocation Failure) 0.974: [DefNew: 960K->63K(960K), 0.0037076 secs] 154023K->154018K(524224K), 0.0037999 secs] [Times: user=0.00 sys=0.00, real=0.00 secs] 
0.979: [GC (Allocation Failure) 0.980: [DefNew: 959K->64K(960K), 0.0033617 secs] 154915K->154910K(524224K), 0.0034748 secs] [Times: user=0.00 sys=0.00, real=0.00 secs] 
0.988: [GC (Allocation Failure) 0.988: [DefNew: 960K->63K(960K), 0.0037591 secs] 155806K->155801K(524224K), 0.0038593 secs] [Times: user=0.00 sys=0.00, real=0.00 secs] 
0.995: [GC (Allocation Failure) 0.995: [DefNew: 959K->63K(960K), 0.0038945 secs] 156698K->156693K(524224K), 0.0039758 secs] [Times: user=0.00 sys=0.00, real=0.00 secs] 
1.001: [GC (Allocation Failure) 1.001: [DefNew: 959K->63K(960K), 0.0036929 secs] 157589K->157584K(524224K), 0.0037847 secs] [Times: user=0.00 sys=0.00, real=0.00 secs] 
1.008: [GC (Allocation Failure) 1.008: [DefNew: 959K->63K(960K), 0.0037611 secs] 158481K->158476K(524224K), 0.0038347 secs] [Times: user=0.02 sys=0.00, real=0.00 secs] 
1.029: [GC (Allocation Failure) 1.029: [DefNew: 959K->63K(960K), 0.0040181 secs] 159372K->159368K(524224K), 0.0041124 secs] [Times: user=0.00 sys=0.00, real=0.00 secs] 
1.036: [GC (Allocation Failure) 1.036: [DefNew: 959K->63K(960K), 0.0038727 secs] 160264K->160259K(524224K), 0.0039556 secs] [Times: user=0.00 sys=0.00, real=0.00 secs] 
1.042: [GC (Allocation Failure) 1.042: [DefNew: 959K->63K(960K), 0.0032576 secs] 161155K->161151K(524224K), 0.0033399 secs] [Times: user=0.00 sys=0.00, real=0.00 secs] 
1.048: [GC (Allocation Failure) 1.048: [DefNew: 959K->63K(960K), 0.0041504 secs] 162047K->162042K(524224K), 0.0042274 secs] [Times: user=0.00 sys=0.00, real=0.00 secs] 
1.054: [GC (Allocation Failure) 1.055: [DefNew: 959K->63K(960K), 0.0039903 secs] 162938K->162934K(524224K), 0.0040573 secs] [Times: user=0.01 sys=0.00, real=0.00 secs] 
1.061: [GC (Allocation Failure) 1.061: [DefNew: 959K->64K(960K), 0.0038475 secs] 163830K->163826K(524224K), 0.0039252 secs] [Times: user=0.00 sys=0.00, real=0.00 secs] 
1.070: [GC (Allocation Failure) 1.070: [DefNew: 960K->63K(960K), 0.0039406 secs] 164722K->164717K(524224K), 0.0040304 secs] [Times: user=0.02 sys=0.00, real=0.00 secs] 
1.082: [GC (Allocation Failure) 1.082: [DefNew: 959K->64K(960K), 0.0036464 secs] 165613K->165609K(524224K), 0.0037284 secs] [Times: user=0.00 sys=0.00, real=0.00 secs] 
1.090: [GC (Allocation Failure) 1.090: [DefNew: 960K->63K(960K), 0.0038076 secs] 166505K->166500K(524224K), 0.0038921 secs] [Times: user=0.00 sys=0.00, real=0.00 secs] 
1.097: [GC (Allocation Failure) 1.097: [DefNew: 959K->63K(960K), 0.0035035 secs] 167397K->167392K(524224K), 0.0035765 secs] [Times: user=0.00 sys=0.00, real=0.00 secs] 
1.103: [GC (Allocation Failure) 1.103: [DefNew: 959K->64K(960K), 0.0037126 secs] 168288K->168283K(524224K), 0.0038068 secs] [Times: user=0.01 sys=0.00, real=0.00 secs] 
1.111: [GC (Allocation Failure) 1.112: [DefNew: 960K->63K(960K), 0.0038994 secs] 169180K->169175K(524224K), 0.0039887 secs] [Times: user=0.00 sys=0.00, real=0.00 secs] 
1.117: [GC (Allocation Failure) 1.117: [DefNew: 959K->64K(960K), 0.0034197 secs] 170071K->170067K(524224K), 0.0034932 secs] [Times: user=0.02 sys=0.00, real=0.00 secs] 
1.124: [GC (Allocation Failure) 1.124: [DefNew: 960K->63K(960K), 0.0038500 secs] 170963K->170958K(524224K), 0.0039423 secs] [Times: user=0.00 sys=0.00, real=0.00 secs] 
1.134: [GC (Allocation Failure) 1.134: [DefNew: 959K->63K(960K), 0.0036794 secs] 171854K->171850K(524224K), 0.0037843 secs] [Times: user=0.02 sys=0.00, real=0.00 secs] 
1.142: [GC (Allocation Failure) 1.142: [DefNew: 959K->64K(960K), 0.0035170 secs] 172746K->172741K(524224K), 0.0035930 secs] [Times: user=0.00 sys=0.00, real=0.00 secs] 
1.148: [GC (Allocation Failure) 1.148: [DefNew: 960K->63K(960K), 0.0031519 secs] 173637K->173632K(524224K), 0.0032301 secs] [Times: user=0.02 sys=0.00, real=0.00 secs] 
1.155: [GC (Allocation Failure) 1.155: [DefNew: 959K->63K(960K), 0.0032409 secs] 174530K->174525K(524224K), 0.0033313 secs] [Times: user=0.00 sys=0.00, real=0.00 secs] 
1.162: [GC (Allocation Failure) 1.162: [DefNew: 959K->63K(960K), 0.0035490 secs] 175422K->175416K(524224K), 0.0036450 secs] [Times: user=0.00 sys=0.00, real=0.00 secs] 
1.168: [GC (Allocation Failure) 1.168: [DefNew: 959K->64K(960K), 0.0036381 secs] 176312K->176308K(524224K), 0.0037148 secs] [Times: user=0.00 sys=0.00, real=0.00 secs] 
1.173: [GC (Allocation Failure) 1.174: [DefNew: 960K->63K(960K), 0.0029962 secs] 177204K->177200K(524224K), 0.0030679 secs] [Times: user=0.00 sys=0.00, real=0.00 secs] 
1.178: [GC (Allocation Failure) 1.178: [DefNew: 959K->63K(960K), 0.0029608 secs] 178096K->178091K(524224K), 0.0030287 secs] [Times: user=0.00 sys=0.00, real=0.00 secs] 
1.184: [GC (Allocation Failure) 1.184: [DefNew: 959K->63K(960K), 0.0036031 secs] 178987K->178982K(524224K), 0.0036805 secs] [Times: user=0.00 sys=0.00, real=0.00 secs] 
1.189: [GC (Allocation Failure) 1.189: [DefNew: 959K->63K(960K), 0.0033682 secs] 179878K->179874K(524224K), 0.0034414 secs] [Times: user=0.00 sys=0.00, real=0.00 secs] 
1.196: [GC (Allocation Failure) 1.196: [DefNew: 959K->64K(960K), 0.0032263 secs] 180770K->180766K(524224K), 0.0033138 secs] [Times: user=0.02 sys=0.00, real=0.00 secs] 
1.201: [GC (Allocation Failure) 1.201: [DefNew: 960K->63K(960K), 0.0027872 secs] 181662K->181657K(524224K), 0.0028646 secs] [Times: user=0.00 sys=0.00, real=0.00 secs] 
1.207: [GC (Allocation Failure) 1.207: [DefNew: 959K->63K(960K), 0.0032103 secs] 182554K->182549K(524224K), 0.0032903 secs] [Times: user=0.00 sys=0.00, real=0.00 secs] 
1.211: [GC (Allocation Failure) 1.211: [DefNew: 959K->63K(960K), 0.0032325 secs] 183445K->183440K(524224K), 0.0032959 secs] [Times: user=0.02 sys=0.00, real=0.00 secs] 
1.217: [GC (Allocation Failure) 1.217: [DefNew: 959K->63K(960K), 0.0037286 secs] 184336K->184331K(524224K), 0.0038222 secs] [Times: user=0.00 sys=0.00, real=0.00 secs] 
1.223: [GC (Allocation Failure) 1.223: [DefNew: 959K->63K(960K), 0.0029364 secs] 185227K->185223K(524224K), 0.0030072 secs] [Times: user=0.00 sys=0.00, real=0.00 secs] 
1.229: [GC (Allocation Failure) 1.229: [DefNew: 959K->64K(960K), 0.0033093 secs] 186119K->186114K(524224K), 0.0033931 secs] [Times: user=0.00 sys=0.00, real=0.00 secs] 
1.236: [GC (Allocation Failure) 1.236: [DefNew: 960K->63K(960K), 0.0037400 secs] 187011K->187006K(524224K), 0.0038335 secs] [Times: user=0.00 sys=0.00, real=0.00 secs] 
1.242: [GC (Allocation Failure) 1.242: [DefNew: 959K->63K(960K), 0.0035754 secs] 187903K->187897K(524224K), 0.0036527 secs] [Times: user=0.01 sys=0.00, real=0.00 secs] 
1.249: [GC (Allocation Failure) 1.249: [DefNew: 959K->64K(960K), 0.0035355 secs] 188793K->188789K(524224K), 0.0036303 secs] [Times: user=0.00 sys=0.00, real=0.00 secs] 
1.255: [GC (Allocation Failure) 1.255: [DefNew: 960K->63K(960K), 0.0034787 secs] 189685K->189680K(524224K), 0.0035693 secs] [Times: user=0.00 sys=0.00, real=0.00 secs] 
1.261: [GC (Allocation Failure) 1.261: [DefNew: 959K->63K(960K), 0.0038375 secs] 190576K->190571K(524224K), 0.0039236 secs] [Times: user=0.00 sys=0.00, real=0.00 secs] 
1.268: [GC (Allocation Failure) 1.268: [DefNew: 959K->63K(960K), 0.0040266 secs] 191468K->191463K(524224K), 0.0041080 secs] [Times: user=0.00 sys=0.00, real=0.00 secs] 
1.274: [GC (Allocation Failure) 1.274: [DefNew: 959K->64K(960K), 0.0032548 secs] 192359K->192355K(524224K), 0.0033250 secs] [Times: user=0.02 sys=0.00, real=0.00 secs] 
1.280: [GC (Allocation Failure) 1.280: [DefNew: 960K->63K(960K), 0.0042149 secs] 193251K->193246K(524224K), 0.0043064 secs] [Times: user=0.00 sys=0.00, real=0.00 secs] 
1.287: [GC (Allocation Failure) 1.287: [DefNew: 959K->63K(960K), 0.0042928 secs] 194144K->194139K(524224K), 0.0043836 secs] [Times: user=0.01 sys=0.00, real=0.00 secs] 
1.294: [GC (Allocation Failure) 1.294: [DefNew: 959K->64K(960K), 0.0035363 secs] 195035K->195030K(524224K), 0.0036277 secs] [Times: user=0.00 sys=0.00, real=0.00 secs] 
1.300: [GC (Allocation Failure) 1.300: [DefNew: 960K->63K(960K), 0.0033546 secs] 195926K->195921K(524224K), 0.0034268 secs] [Times: user=0.00 sys=0.00, real=0.00 secs] 
1.307: [GC (Allocation Failure) 1.307: [DefNew: 959K->63K(960K), 0.0040284 secs] 196818K->196813K(524224K), 0.0041129 secs] [Times: user=0.00 sys=0.00, real=0.00 secs] 
1.314: [GC (Allocation Failure) 1.314: [DefNew: 959K->64K(960K), 0.0039492 secs] 197710K->197705K(524224K), 0.0040420 secs] [Times: user=0.00 sys=0.00, real=0.00 secs] 
1.320: [GC (Allocation Failure) 1.320: [DefNew: 960K->63K(960K), 0.0035017 secs] 198601K->198596K(524224K), 0.0035939 secs] [Times: user=0.02 sys=0.00, real=0.00 secs] 
1.327: [GC (Allocation Failure) 1.327: [DefNew: 959K->63K(960K), 0.0036202 secs] 199493K->199486K(524224K), 0.0037166 secs] [Times: user=0.00 sys=0.00, real=0.00 secs] 
1.333: [GC (Allocation Failure) 1.333: [DefNew: 959K->63K(960K), 0.0035135 secs] 200384K->200378K(524224K), 0.0036191 secs] [Times: user=0.00 sys=0.00, real=0.00 secs] 
1.340: [GC (Allocation Failure) 1.340: [DefNew: 959K->64K(960K), 0.0039209 secs] 201274K->201269K(524224K), 0.0040226 secs] [Times: user=0.00 sys=0.00, real=0.00 secs] 
1.347: [GC (Allocation Failure) 1.347: [DefNew: 960K->63K(960K), 0.0039026 secs] 202166K->202161K(524224K), 0.0040120 secs] [Times: user=0.00 sys=0.00, real=0.00 secs] 
1.354: [GC (Allocation Failure) 1.354: [DefNew: 959K->64K(960K), 0.0037880 secs] 203057K->203052K(524224K), 0.0038821 secs] [Times: user=0.00 sys=0.00, real=0.00 secs] 
1.361: [GC (Allocation Failure) 1.361: [DefNew: 960K->63K(960K), 0.0031158 secs] 203948K->203943K(524224K), 0.0031975 secs] [Times: user=0.00 sys=0.00, real=0.00 secs] 
1.367: [GC (Allocation Failure) 1.367: [DefNew: 959K->64K(960K), 0.0037510 secs] 204841K->204836K(524224K), 0.0038593 secs] [Times: user=0.02 sys=0.00, real=0.00 secs] 
1.372: [GC (Allocation Failure) 1.373: [DefNew: 960K->63K(960K), 0.0036429 secs] 205732K->205727K(524224K), 0.0037254 secs] [Times: user=0.00 sys=0.00, real=0.00 secs] 
1.379: [GC (Allocation Failure) 1.379: [DefNew: 959K->63K(960K), 0.0034529 secs] 206623K->206618K(524224K), 0.0035152 secs] [Times: user=0.00 sys=0.00, real=0.00 secs] 
1.385: [GC (Allocation Failure) 1.385: [DefNew: 959K->63K(960K), 0.0037392 secs] 207515K->207510K(524224K), 0.0038148 secs] [Times: user=0.00 sys=0.00, real=0.00 secs] 
1.392: [GC (Allocation Failure) 1.392: [DefNew: 959K->63K(960K), 0.0031681 secs] 208406K->208401K(524224K), 0.0032581 secs] [Times: user=0.00 sys=0.00, real=0.00 secs] 
1.397: [GC (Allocation Failure) 1.397: [DefNew: 959K->63K(960K), 0.0033831 secs] 209298K->209294K(524224K), 0.0034528 secs] [Times: user=0.00 sys=0.02, real=0.00 secs] 
1.404: [GC (Allocation Failure) 1.404: [DefNew: 959K->63K(960K), 0.0037407 secs] 210190K->210184K(524224K), 0.0038173 secs] [Times: user=0.00 sys=0.00, real=0.00 secs] 
1.410: [GC (Allocation Failure) 1.410: [DefNew: 959K->64K(960K), 0.0039425 secs] 211080K->211075K(524224K), 0.0040174 secs] [Times: user=0.00 sys=0.00, real=0.00 secs] 
1.416: [GC (Allocation Failure) 1.416: [DefNew: 960K->64K(960K), 0.0033376 secs] 211973K->211968K(524224K), 0.0034202 secs] [Times: user=0.00 sys=0.00, real=0.00 secs] 
1.421: [GC (Allocation Failure) 1.421: [DefNew: 960K->63K(960K), 0.0031777 secs] 212864K->212858K(524224K), 0.0032408 secs] [Times: user=0.00 sys=0.00, real=0.00 secs] 
1.427: [GC (Allocation Failure) 1.427: [DefNew: 959K->64K(960K), 0.0030424 secs] 213755K->213750K(524224K), 0.0031067 secs] [Times: user=0.00 sys=0.00, real=0.00 secs] 
1.433: [GC (Allocation Failure) 1.433: [DefNew: 960K->63K(960K), 0.0040455 secs] 214646K->214641K(524224K), 0.0041306 secs] [Times: user=0.00 sys=0.00, real=0.00 secs] 
1.441: [GC (Allocation Failure) 1.441: [DefNew: 959K->64K(960K), 0.0040286 secs] 215538K->215533K(524224K), 0.0041135 secs] [Times: user=0.00 sys=0.00, real=0.00 secs] 
1.449: [GC (Allocation Failure) 1.449: [DefNew: 960K->63K(960K), 0.0034657 secs] 216431K->216425K(524224K), 0.0035290 secs] [Times: user=0.00 sys=0.00, real=0.00 secs] 
1.456: [GC (Allocation Failure) 1.456: [DefNew: 959K->63K(960K), 0.0029034 secs] 217321K->217315K(524224K), 0.0029704 secs] [Times: user=0.00 sys=0.00, real=0.00 secs] 
1.461: [GC (Allocation Failure) 1.461: [DefNew: 959K->63K(960K), 0.0034842 secs] 218211K->218206K(524224K), 0.0035409 secs] [Times: user=0.02 sys=0.00, real=0.00 secs] 
1.468: [GC (Allocation Failure) 1.468: [DefNew: 959K->63K(960K), 0.0029313 secs] 219104K->219099K(524224K), 0.0029906 secs] [Times: user=0.00 sys=0.00, real=0.00 secs] 
1.473: [GC (Allocation Failure) 1.473: [DefNew: 959K->64K(960K), 0.0031717 secs] 219995K->219990K(524224K), 0.0032248 secs] [Times: user=0.00 sys=0.00, real=0.00 secs] 
1.478: [GC (Allocation Failure) 1.478: [DefNew: 960K->63K(960K), 0.0039323 secs] 220887K->220882K(524224K), 0.0040028 secs] [Times: user=0.02 sys=0.00, real=0.00 secs] 
1.485: [GC (Allocation Failure) 1.485: [DefNew: 959K->63K(960K), 0.0032949 secs] 221778K->221772K(524224K), 0.0033651 secs] [Times: user=0.00 sys=0.00, real=0.00 secs] 
1.491: [GC (Allocation Failure) 1.491: [DefNew: 959K->64K(960K), 0.0031748 secs] 222670K->222664K(524224K), 0.0032496 secs] [Times: user=0.01 sys=0.00, real=0.00 secs] 
1.498: [GC (Allocation Failure) 1.498: [DefNew: 960K->63K(960K), 0.0038063 secs] 223562K->223557K(524224K), 0.0038856 secs] [Times: user=0.00 sys=0.00, real=0.00 secs] 
1.503: [GC (Allocation Failure) 1.503: [DefNew: 959K->64K(960K), 0.0026789 secs] 224453K->224448K(524224K), 0.0027191 secs] [Times: user=0.00 sys=0.00, real=0.00 secs] 
1.509: [GC (Allocation Failure) 1.509: [DefNew: 960K->64K(960K), 0.0034527 secs] 225345K->225340K(524224K), 0.0035308 secs] [Times: user=0.02 sys=0.00, real=0.00 secs] 
1.514: [GC (Allocation Failure) 1.514: [DefNew: 960K->63K(960K), 0.0031617 secs] 226236K->226231K(524224K), 0.0032250 secs] [Times: user=0.00 sys=0.00, real=0.00 secs] 
1.521: [GC (Allocation Failure) 1.521: [DefNew: 959K->64K(960K), 0.0028276 secs] 227128K->227123K(524224K), 0.0028971 secs] [Times: user=0.00 sys=0.00, real=0.00 secs] 
1.525: [GC (Allocation Failure) 1.525: [DefNew: 960K->63K(960K), 0.0032084 secs] 228021K->228015K(524224K), 0.0032671 secs] [Times: user=0.01 sys=0.00, real=0.00 secs] 
1.532: [GC (Allocation Failure) 1.532: [DefNew: 959K->63K(960K), 0.0032420 secs] 228912K->228906K(524224K), 0.0033189 secs] [Times: user=0.00 sys=0.00, real=0.00 secs] 
1.538: [GC (Allocation Failure) 1.539: [DefNew: 959K->64K(960K), 0.0030692 secs] 229803K->229797K(524224K), 0.0031473 secs] [Times: user=0.02 sys=0.00, real=0.00 secs] 
1.585: [GC (Allocation Failure) 1.585: [DefNew: 960K->64K(960K), 0.0106271 secs] 234790K->234784K(524224K), 0.0107115 secs] [Times: user=0.02 sys=0.00, real=0.01 secs] 
1.599: [GC (Allocation Failure) 1.599: [DefNew: 960K->63K(960K), 0.0041476 secs] 235680K->235674K(524224K), 0.0042336 secs] [Times: user=0.00 sys=0.00, real=0.00 secs] 
1.604: [GC (Allocation Failure) 1.604: [DefNew: 959K->64K(960K), 0.0042866 secs] 236570K->236565K(524224K), 0.0043517 secs] [Times: user=0.00 sys=0.00, real=0.01 secs] 
1.617: [GC (Allocation Failure) 1.617: [DefNew: 960K->64K(960K), 0.0046159 secs] 237462K->237457K(524224K), 0.0047005 secs] [Times: user=0.01 sys=0.00, real=0.00 secs] 
1.622: [GC (Allocation Failure) 1.623: [DefNew: 960K->63K(960K), 0.0044956 secs] 238353K->238348K(524224K), 0.0045662 secs] [Times: user=0.00 sys=0.00, real=0.00 secs] 
1.630: [GC (Allocation Failure) 1.630: [DefNew: 959K->63K(960K), 0.0042078 secs] 239245K->239240K(524224K), 0.0042932 secs] [Times: user=0.00 sys=0.00, real=0.00 secs] 
1.638: [GC (Allocation Failure) 1.638: [DefNew: 959K->63K(960K), 0.0035565 secs] 240136K->240132K(524224K), 0.0036388 secs] [Times: user=0.00 sys=0.00, real=0.00 secs] 
1.644: [GC (Allocation Failure) 1.644: [DefNew: 959K->63K(960K), 0.0034416 secs] 241028K->241024K(524224K), 0.0035164 secs] [Times: user=0.00 sys=0.00, real=0.00 secs] 
1.651: [GC (Allocation Failure) 1.651: [DefNew: 959K->63K(960K), 0.0037719 secs] 241920K->241915K(524224K), 0.0038537 secs] [Times: user=0.00 sys=0.00, real=0.00 secs] 
1.656: [GC (Allocation Failure) 1.656: [DefNew: 959K->64K(960K), 0.0038419 secs] 242812K->242807K(524224K), 0.0039145 secs] [Times: user=0.00 sys=0.00, real=0.00 secs] 
1.663: [GC (Allocation Failure) 1.663: [DefNew: 960K->64K(960K), 0.0037799 secs] 243703K->243698K(524224K), 0.0038649 secs] [Times: user=0.02 sys=0.00, real=0.00 secs] 
1.668: [GC (Allocation Failure) 1.668: [DefNew: 960K->64K(960K), 0.0033921 secs] 244595K->244590K(524224K), 0.0034608 secs] [Times: user=0.00 sys=0.00, real=0.00 secs] 
1.676: [GC (Allocation Failure) 1.676: [DefNew: 960K->64K(960K), 0.0041878 secs] 245486K->245482K(524224K), 0.0042603 secs] [Times: user=0.00 sys=0.00, real=0.00 secs] 
1.683: [GC (Allocation Failure) 1.683: [DefNew: 960K->63K(960K), 0.0038003 secs] 246378K->246374K(524224K), 0.0038659 secs] [Times: user=0.00 sys=0.00, real=0.00 secs] 
1.691: [GC (Allocation Failure) 1.691: [DefNew: 959K->63K(960K), 0.0030286 secs] 247270K->247265K(524224K), 0.0030920 secs] [Times: user=0.00 sys=0.00, real=0.00 secs] 
1.696: [GC (Allocation Failure) 1.696: [DefNew: 959K->63K(960K), 0.0028085 secs] 248162K->248157K(524224K), 0.0028717 secs] [Times: user=0.01 sys=0.00, real=0.00 secs] 
1.702: [GC (Allocation Failure) 1.702: [DefNew: 959K->63K(960K), 0.0029254 secs] 249053K->249049K(524224K), 0.0030023 secs] [Times: user=0.00 sys=0.00, real=0.00 secs] 
1.707: [GC (Allocation Failure) 1.707: [DefNew: 959K->63K(960K), 0.0029364 secs] 249945K->249941K(524224K), 0.0030016 secs] [Times: user=0.00 sys=0.00, real=0.00 secs] 
1.713: [GC (Allocation Failure) 1.713: [DefNew: 959K->63K(960K), 0.0040434 secs] 250837K->250832K(524224K), 0.0041320 secs] [Times: user=0.00 sys=0.00, real=0.00 secs] 
1.718: [GC (Allocation Failure) 1.718: [DefNew: 959K->63K(960K), 0.0029170 secs] 251729K->251724K(524224K), 0.0029842 secs] [Times: user=0.00 sys=0.00, real=0.00 secs] 
1.723: [GC (Allocation Failure) 1.723: [DefNew: 959K->63K(960K), 0.0031114 secs] 252620K->252616K(524224K), 0.0031853 secs] [Times: user=0.00 sys=0.00, real=0.00 secs] 
1.727: [GC (Allocation Failure) 1.727: [DefNew: 959K->63K(960K), 0.0029281 secs] 253512K->253507K(524224K), 0.0029868 secs] [Times: user=0.02 sys=0.00, real=0.00 secs] 
1.733: [GC (Allocation Failure) 1.733: [DefNew: 959K->63K(960K), 0.0032916 secs] 254403K->254399K(524224K), 0.0033848 secs] [Times: user=0.00 sys=0.00, real=0.00 secs] 
1.739: [GC (Allocation Failure) 1.739: [DefNew: 959K->64K(960K), 0.0029679 secs] 255295K->255291K(524224K), 0.0030288 secs] [Times: user=0.00 sys=0.00, real=0.00 secs] 
1.745: [GC (Allocation Failure) 1.745: [DefNew: 960K->64K(960K), 0.0041022 secs] 256187K->256182K(524224K), 0.0041787 secs] [Times: user=0.00 sys=0.00, real=0.00 secs] 
1.752: [GC (Allocation Failure) 1.752: [DefNew: 960K->63K(960K), 0.0035689 secs] 257078K->257074K(524224K), 0.0036395 secs] [Times: user=0.00 sys=0.00, real=0.00 secs] 
1.758: [GC (Allocation Failure) 1.758: [DefNew: 959K->63K(960K), 0.0040330 secs] 257970K->257965K(524224K), 0.0041039 secs] [Times: user=0.02 sys=0.00, real=0.00 secs] 
1.764: [GC (Allocation Failure) 1.764: [DefNew: 959K->63K(960K), 0.0040425 secs] 258862K->258857K(524224K), 0.0041164 secs] [Times: user=0.00 sys=0.00, real=0.00 secs] 
1.769: [GC (Allocation Failure) 1.769: [DefNew: 959K->64K(960K), 0.0043666 secs] 259753K->259748K(524224K), 0.0044399 secs] [Times: user=0.00 sys=0.00, real=0.00 secs] 
1.777: [GC (Allocation Failure) 1.777: [DefNew: 960K->63K(960K), 0.0039159 secs] 260645K->260640K(524224K), 0.0039900 secs] [Times: user=0.00 sys=0.00, real=0.00 secs] 
1.783: [GC (Allocation Failure) 1.783: [DefNew: 959K->63K(960K), 0.0030460 secs] 261536K->261532K(524224K), 0.0031020 secs] [Times: user=0.00 sys=0.00, real=0.00 secs] 
1.790: [GC (Allocation Failure) 1.790: [DefNew: 959K->64K(960K), 0.0034656 secs] 262428K->262424K(524224K), 0.0035536 secs] [Times: user=0.02 sys=0.00, real=0.00 secs] 
1.796: [GC (Allocation Failure) 1.796: [DefNew: 960K->63K(960K), 0.0031874 secs] 263320K->263315K(524224K), 0.0032648 secs] [Times: user=0.00 sys=0.00, real=0.00 secs] 
1.802: [GC (Allocation Failure) 1.802: [DefNew: 959K->63K(960K), 0.0037278 secs] 264212K->264207K(524224K), 0.0038121 secs] [Times: user=0.00 sys=0.00, real=0.00 secs] 
1.807: [GC (Allocation Failure) 1.807: [DefNew: 959K->63K(960K), 0.0028327 secs] 265103K->265098K(524224K), 0.0028842 secs] [Times: user=0.00 sys=0.00, real=0.00 secs] 
1.813: [GC (Allocation Failure) 1.813: [DefNew: 959K->63K(960K), 0.0039356 secs] 265995K->265990K(524224K), 0.0040195 secs] [Times: user=0.00 sys=0.00, real=0.00 secs] 
1.818: [GC (Allocation Failure) 1.818: [DefNew: 959K->63K(960K), 0.0033321 secs] 266886K->266882K(524224K), 0.0033941 secs] [Times: user=0.00 sys=0.00, real=0.00 secs] 
1.825: [GC (Allocation Failure) 1.825: [DefNew: 959K->63K(960K), 0.0038369 secs] 267778K->267774K(524224K), 0.0039096 secs] [Times: user=0.00 sys=0.00, real=0.00 secs] 
1.831: [GC (Allocation Failure) 1.831: [DefNew: 959K->63K(960K), 0.0041065 secs] 268670K->268665K(524224K), 0.0041790 secs] [Times: user=0.00 sys=0.00, real=0.01 secs] 
1.840: [GC (Allocation Failure) 1.840: [DefNew: 959K->64K(960K), 0.0047102 secs] 269562K->269557K(524224K), 0.0047947 secs] [Times: user=0.00 sys=0.00, real=0.01 secs] 
1.846: [GC (Allocation Failure) 1.846: [DefNew: 960K->63K(960K), 0.0034102 secs] 270453K->270449K(524224K), 0.0034713 secs] [Times: user=0.00 sys=0.00, real=0.00 secs] 
1.854: [GC (Allocation Failure) 1.854: [DefNew: 959K->63K(960K), 0.0034872 secs] 271345K->271341K(524224K), 0.0035640 secs] [Times: user=0.00 sys=0.00, real=0.00 secs] 
1.860: [GC (Allocation Failure) 1.860: [DefNew: 959K->63K(960K), 0.0033873 secs] 272237K->272232K(524224K), 0.0034580 secs] [Times: user=0.00 sys=0.00, real=0.00 secs] 
1.867: [GC (Allocation Failure) 1.867: [DefNew: 959K->64K(960K), 0.0040873 secs] 273128K->273124K(524224K), 0.0041554 secs] [Times: user=0.02 sys=0.00, real=0.00 secs] 
1.873: [GC (Allocation Failure) 1.873: [DefNew: 960K->63K(960K), 0.0040864 secs] 274020K->274015K(524224K), 0.0041519 secs] [Times: user=0.00 sys=0.00, real=0.00 secs] 
1.878: [GC (Allocation Failure) 1.878: [DefNew: 959K->64K(960K), 0.0034873 secs] 274912K->274907K(524224K), 0.0035558 secs] [Times: user=0.00 sys=0.00, real=0.00 secs] 
1.886: [GC (Allocation Failure) 1.886: [DefNew: 960K->63K(960K), 0.0038944 secs] 275803K->275798K(524224K), 0.0039690 secs] [Times: user=0.00 sys=0.00, real=0.00 secs] 
1.892: [GC (Allocation Failure) 1.892: [DefNew: 959K->63K(960K), 0.0034937 secs] 276695K->276690K(524224K), 0.0035561 secs] [Times: user=0.00 sys=0.00, real=0.00 secs] 
1.899: [GC (Allocation Failure) 1.899: [DefNew: 959K->63K(960K), 0.0032997 secs] 277586K->277581K(524224K), 0.0033626 secs] [Times: user=0.02 sys=0.00, real=0.00 secs] 
1.904: [GC (Allocation Failure) 1.904: [DefNew: 959K->63K(960K), 0.0038394 secs] 278478K->278473K(524224K), 0.0039060 secs] [Times: user=0.00 sys=0.00, real=0.00 secs] 
1.910: [GC (Allocation Failure) 1.910: [DefNew: 959K->64K(960K), 0.0030488 secs] 279369K->279365K(524224K), 0.0031093 secs] [Times: user=0.00 sys=0.00, real=0.00 secs] 
1.915: [GC (Allocation Failure) 1.915: [DefNew: 960K->64K(960K), 0.0037486 secs] 280261K->280256K(524224K), 0.0038306 secs] [Times: user=0.01 sys=0.00, real=0.00 secs] 
1.922: [GC (Allocation Failure) 1.922: [DefNew: 960K->63K(960K), 0.0041250 secs] 281152K->281147K(524224K), 0.0041965 secs] [Times: user=0.00 sys=0.00, real=0.00 secs] 
1.928: [GC (Allocation Failure) 1.928: [DefNew: 959K->63K(960K), 0.0030036 secs] 282044K->282039K(524224K), 0.0030512 secs] [Times: user=0.00 sys=0.00, real=0.00 secs] 
1.935: [GC (Allocation Failure) 1.935: [DefNew: 959K->64K(960K), 0.0038100 secs] 282935K->282930K(524224K), 0.0038882 secs] [Times: user=0.00 sys=0.00, real=0.00 secs] 
1.941: [GC (Allocation Failure) 1.941: [DefNew: 960K->63K(960K), 0.0030190 secs] 283827K->283822K(524224K), 0.0030732 secs] [Times: user=0.00 sys=0.00, real=0.00 secs] 
1.947: [GC (Allocation Failure) 1.947: [DefNew: 959K->63K(960K), 0.0038191 secs] 284718K->284713K(524224K), 0.0039056 secs] [Times: user=0.02 sys=0.00, real=0.00 secs] 
1.953: [GC (Allocation Failure) 1.953: [DefNew: 959K->63K(960K), 0.0028794 secs] 285609K->285605K(524224K), 0.0029417 secs] [Times: user=0.00 sys=0.00, real=0.00 secs] 
1.959: [GC (Allocation Failure) 1.959: [DefNew: 959K->63K(960K), 0.0029947 secs] 286501K->286496K(524224K), 0.0030579 secs] [Times: user=0.00 sys=0.00, real=0.00 secs] 
1.963: [GC (Allocation Failure) 1.963: [DefNew: 959K->64K(960K), 0.0035469 secs] 287393K->287388K(524224K), 0.0036286 secs] [Times: user=0.00 sys=0.00, real=0.00 secs] 
1.971: [GC (Allocation Failure) 1.971: [DefNew: 960K->63K(960K), 0.0041617 secs] 288284K->288280K(524224K), 0.0042678 secs] [Times: user=0.00 sys=0.00, real=0.00 secs] 
1.977: [GC (Allocation Failure) 1.977: [DefNew: 959K->63K(960K), 0.0034858 secs] 289176K->289171K(524224K), 0.0035712 secs] [Times: user=0.01 sys=0.00, real=0.00 secs] 
1.985: [GC (Allocation Failure) 1.985: [DefNew: 959K->63K(960K), 0.0031489 secs] 290067K->290063K(524224K), 0.0032347 secs] [Times: user=0.00 sys=0.00, real=0.00 secs] 
1.990: [GC (Allocation Failure) 1.990: [DefNew: 959K->63K(960K), 0.0031495 secs] 290959K->290954K(524224K), 0.0032094 secs] [Times: user=0.00 sys=0.00, real=0.00 secs] 
1.995: [GC (Allocation Failure) 1.995: [DefNew: 959K->63K(960K), 0.0032076 secs] 291850K->291845K(524224K), 0.0032806 secs] [Times: user=0.00 sys=0.00, real=0.00 secs] 
2.001: [GC (Allocation Failure) 2.001: [DefNew: 959K->64K(960K), 0.0033403 secs] 292742K->292737K(524224K), 0.0034367 secs] [Times: user=0.00 sys=0.00, real=0.00 secs] 
2.007: [GC (Allocation Failure) 2.007: [DefNew: 960K->63K(960K), 0.0038722 secs] 293633K->293628K(524224K), 0.0039613 secs] [Times: user=0.02 sys=0.00, real=0.00 secs] 
2.013: [GC (Allocation Failure) 2.013: [DefNew: 959K->64K(960K), 0.0032042 secs] 294525K->294520K(524224K), 0.0033006 secs] [Times: user=0.00 sys=0.00, real=0.00 secs] 
2.018: [GC (Allocation Failure) 2.018: [DefNew: 960K->63K(960K), 0.0031373 secs] 295418K->295413K(524224K), 0.0032138 secs] [Times: user=0.00 sys=0.00, real=0.00 secs] 
2.024: [GC (Allocation Failure) 2.024: [DefNew: 959K->64K(960K), 0.0036560 secs] 296309K->296304K(524224K), 0.0037628 secs] [Times: user=0.02 sys=0.00, real=0.00 secs] 
2.029: [GC (Allocation Failure) 2.029: [DefNew: 960K->64K(960K), 0.0034026 secs] 297201K->297195K(524224K), 0.0034754 secs] [Times: user=0.00 sys=0.00, real=0.00 secs] 
2.036: [GC (Allocation Failure) 2.036: [DefNew: 960K->63K(960K), 0.0030426 secs] 298091K->298086K(524224K), 0.0031140 secs] [Times: user=0.00 sys=0.00, real=0.00 secs] 
2.040: [GC (Allocation Failure) 2.040: [DefNew: 959K->64K(960K), 0.0030936 secs] 298982K->298978K(524224K), 0.0031606 secs] [Times: user=0.02 sys=0.00, real=0.00 secs] 
2.046: [GC (Allocation Failure) 2.046: [DefNew: 960K->63K(960K), 0.0031124 secs] 299876K->299871K(524224K), 0.0031839 secs] [Times: user=0.00 sys=0.00, real=0.00 secs] 
2.050: [GC (Allocation Failure) 2.050: [DefNew: 959K->63K(960K), 0.0039847 secs] 300768K->300762K(524224K), 0.0040699 secs] [Times: user=0.00 sys=0.00, real=0.00 secs] 
2.056: [GC (Allocation Failure) 2.056: [DefNew: 959K->64K(960K), 0.0035935 secs] 301659K->301653K(524224K), 0.0036903 secs] [Times: user=0.02 sys=0.00, real=0.00 secs] 
2.063: [GC (Allocation Failure) 2.063: [DefNew: 960K->63K(960K), 0.0032755 secs] 302549K->302545K(524224K), 0.0033775 secs] [Times: user=0.00 sys=0.00, real=0.00 secs] 
2.070: [GC (Allocation Failure) 2.070: [DefNew: 959K->63K(960K), 0.0030915 secs] 303441K->303437K(524224K), 0.0031703 secs] [Times: user=0.00 sys=0.01, real=0.00 secs] 
2.076: [GC (Allocation Failure) 2.076: [DefNew: 959K->64K(960K), 0.0040983 secs] 304333K->304327K(524224K), 0.0041853 secs] [Times: user=0.00 sys=0.00, real=0.00 secs] 
2.082: [GC (Allocation Failure) 2.082: [DefNew: 960K->63K(960K), 0.0038779 secs] 305224K->305219K(524224K), 0.0039744 secs] [Times: user=0.00 sys=0.00, real=0.00 secs] 
2.088: [GC (Allocation Failure) 2.088: [DefNew: 959K->63K(960K), 0.0033017 secs] 306115K->306111K(524224K), 0.0033799 secs] [Times: user=0.02 sys=0.00, real=0.00 secs] 
2.094: [GC (Allocation Failure) 2.094: [DefNew: 959K->63K(960K), 0.0031903 secs] 307007K->307003K(524224K), 0.0032777 secs] [Times: user=0.00 sys=0.00, real=0.00 secs] 
2.102: [GC (Allocation Failure) 2.102: [DefNew: 959K->63K(960K), 0.0031461 secs] 307899K->307894K(524224K), 0.0032405 secs] [Times: user=0.01 sys=0.00, real=0.00 secs] 
2.107: [GC (Allocation Failure) 2.107: [DefNew: 959K->63K(960K), 0.0032348 secs] 308791K->308786K(524224K), 0.0033095 secs] [Times: user=0.00 sys=0.00, real=0.00 secs] 
2.114: [GC (Allocation Failure) 2.114: [DefNew: 959K->63K(960K), 0.0033152 secs] 309684K->309679K(524224K), 0.0034047 secs] [Times: user=0.00 sys=0.00, real=0.00 secs] 
2.119: [GC (Allocation Failure) 2.120: [DefNew: 959K->63K(960K), 0.0033423 secs] 310576K->310571K(524224K), 0.0034212 secs] [Times: user=0.00 sys=0.00, real=0.00 secs] 
2.125: [GC (Allocation Failure) 2.125: [DefNew: 959K->63K(960K), 0.0030247 secs] 311467K->311462K(524224K), 0.0030927 secs] [Times: user=0.00 sys=0.00, real=0.00 secs] 
2.129: [GC (Allocation Failure) 2.129: [DefNew: 959K->63K(960K), 0.0029297 secs] 312358K->312353K(524224K), 0.0029855 secs] [Times: user=0.00 sys=0.00, real=0.00 secs] 
2.136: [GC (Allocation Failure) 2.136: [DefNew: 959K->64K(960K), 0.0031986 secs] 313249K->313244K(524224K), 0.0032512 secs] [Times: user=0.00 sys=0.00, real=0.00 secs] 
2.140: [GC (Allocation Failure) 2.140: [DefNew: 960K->63K(960K), 0.0029044 secs] 314141K->314136K(524224K), 0.0029495 secs] [Times: user=0.00 sys=0.00, real=0.00 secs] 
2.147: [GC (Allocation Failure) 2.147: [DefNew: 959K->63K(960K), 0.0030593 secs] 315032K->315027K(524224K), 0.0031276 secs] [Times: user=0.00 sys=0.00, real=0.00 secs] 
2.152: [GC (Allocation Failure) 2.153: [DefNew: 959K->64K(960K), 0.0031334 secs] 315924K->315919K(524224K), 0.0032085 secs] [Times: user=0.00 sys=0.00, real=0.00 secs] 
2.158: [GC (Allocation Failure) 2.158: [DefNew: 960K->64K(960K), 0.0031886 secs] 316815K->316811K(524224K), 0.0032524 secs] [Times: user=0.00 sys=0.00, real=0.00 secs] 
2.163: [GC (Allocation Failure) 2.163: [DefNew: 960K->64K(960K), 0.0029628 secs] 317707K->317703K(524224K), 0.0030247 secs] [Times: user=0.02 sys=0.00, real=0.00 secs] 
2.170: [GC (Allocation Failure) 2.170: [DefNew: 960K->63K(960K), 0.0032986 secs] 318599K->318594K(524224K), 0.0033737 secs] [Times: user=0.00 sys=0.00, real=0.00 secs] 
2.177: [GC (Allocation Failure) 2.177: [DefNew: 959K->63K(960K), 0.0036430 secs] 319490K->319486K(524224K), 0.0037288 secs] [Times: user=0.00 sys=0.00, real=0.00 secs] 
2.183: [GC (Allocation Failure) 2.184: [DefNew: 959K->63K(960K), 0.0038352 secs] 320382K->320377K(524224K), 0.0039398 secs] [Times: user=0.00 sys=0.00, real=0.00 secs] 
2.189: [GC (Allocation Failure) 2.189: [DefNew: 959K->63K(960K), 0.0032213 secs] 321273K->321269K(524224K), 0.0032781 secs] [Times: user=0.00 sys=0.00, real=0.00 secs] 
2.194: [GC (Allocation Failure) 2.194: [DefNew: 959K->64K(960K), 0.0030244 secs] 322165K->322160K(524224K), 0.0030795 secs] [Times: user=0.00 sys=0.00, real=0.00 secs] 
2.200: [GC (Allocation Failure) 2.200: [DefNew: 960K->64K(960K), 0.0035831 secs] 323056K->323051K(524224K), 0.0036489 secs] [Times: user=0.00 sys=0.00, real=0.00 secs] 
2.206: [GC (Allocation Failure) 2.206: [DefNew: 960K->63K(960K), 0.0030710 secs] 323947K->323942K(524224K), 0.0031385 secs] [Times: user=0.00 sys=0.00, real=0.00 secs] 
2.211: [GC (Allocation Failure) 2.212: [DefNew: 959K->64K(960K), 0.0031547 secs] 324839K->324834K(524224K), 0.0032110 secs] [Times: user=0.01 sys=0.00, real=0.00 secs] 
2.217: [GC (Allocation Failure) 2.217: [DefNew: 960K->64K(960K), 0.0028166 secs] 325730K->325725K(524224K), 0.0028756 secs] [Times: user=0.00 sys=0.00, real=0.00 secs] 
2.223: [GC (Allocation Failure) 2.223: [DefNew: 960K->63K(960K), 0.0027718 secs] 326622K->326616K(524224K), 0.0028186 secs] [Times: user=0.00 sys=0.00, real=0.00 secs] 
2.228: [GC (Allocation Failure) 2.228: [DefNew: 959K->63K(960K), 0.0031893 secs] 327512K->327508K(524224K), 0.0032349 secs] [Times: user=0.02 sys=0.00, real=0.00 secs] 
2.233: [GC (Allocation Failure) 2.233: [DefNew: 959K->63K(960K), 0.0030205 secs] 328404K->328400K(524224K), 0.0030871 secs] [Times: user=0.00 sys=0.00, real=0.00 secs] 
2.237: [GC (Allocation Failure) 2.238: [DefNew: 959K->64K(960K), 0.0029942 secs] 329296K->329291K(524224K), 0.0030408 secs] [Times: user=0.00 sys=0.00, real=0.00 secs] 
2.242: [GC (Allocation Failure) 2.242: [DefNew: 960K->64K(960K), 0.0030700 secs] 330187K->330183K(524224K), 0.0031263 secs] [Times: user=0.02 sys=0.00, real=0.00 secs] 
2.246: [GC (Allocation Failure) 2.246: [DefNew: 960K->63K(960K), 0.0030836 secs] 331079K->331074K(524224K), 0.0031670 secs] [Times: user=0.00 sys=0.00, real=0.00 secs] 
2.252: [GC (Allocation Failure) 2.252: [DefNew: 959K->63K(960K), 0.0032998 secs] 331971K->331965K(524224K), 0.0033467 secs] [Times: user=0.00 sys=0.00, real=0.00 secs] 
2.258: [GC (Allocation Failure) 2.258: [DefNew: 959K->63K(960K), 0.0029813 secs] 332861K->332856K(524224K), 0.0030468 secs] [Times: user=0.02 sys=0.00, real=0.00 secs] 
2.264: [GC (Allocation Failure) 2.264: [DefNew: 959K->64K(960K), 0.0028216 secs] 333754K->333749K(524224K), 0.0028720 secs] [Times: user=0.00 sys=0.00, real=0.00 secs] 
2.269: [GC (Allocation Failure) 2.269: [DefNew: 960K->63K(960K), 0.0029770 secs] 334646K->334640K(524224K), 0.0030183 secs] [Times: user=0.00 sys=0.00, real=0.00 secs] 
2.274: [GC (Allocation Failure) 2.274: [DefNew: 959K->63K(960K), 0.0034568 secs] 335536K->335530K(524224K), 0.0035024 secs] [Times: user=0.02 sys=0.00, real=0.00 secs] 
2.280: [GC (Allocation Failure) 2.280: [DefNew: 959K->63K(960K), 0.0032573 secs] 336427K->336422K(524224K), 0.0033292 secs] [Times: user=0.00 sys=0.00, real=0.00 secs] 
2.286: [GC (Allocation Failure) 2.286: [DefNew: 959K->63K(960K), 0.0032201 secs] 337318K->337313K(524224K), 0.0032863 secs] [Times: user=0.00 sys=0.00, real=0.00 secs] 
2.290: [GC (Allocation Failure) 2.290: [DefNew: 959K->64K(960K), 0.0035168 secs] 338209K->338204K(524224K), 0.0035840 secs] [Times: user=0.02 sys=0.00, real=0.00 secs] 
2.297: [GC (Allocation Failure) 2.297: [DefNew: 960K->64K(960K), 0.0031835 secs] 339101K->339097K(524224K), 0.0032392 secs] [Times: user=0.00 sys=0.00, real=0.00 secs] 
2.303: [GC (Allocation Failure) 2.304: [DefNew: 960K->63K(960K), 0.0031446 secs] 339993K->339988K(524224K), 0.0031976 secs] [Times: user=0.00 sys=0.00, real=0.00 secs] 
2.309: [GC (Allocation Failure) 2.309: [DefNew: 959K->63K(960K), 0.0031588 secs] 340884K->340878K(524224K), 0.0032410 secs] [Times: user=0.00 sys=0.00, real=0.00 secs] 
2.314: [GC (Allocation Failure) 2.314: [DefNew: 959K->64K(960K), 0.0035144 secs] 341775K->341771K(524224K), 0.0035953 secs] [Times: user=0.00 sys=0.00, real=0.00 secs] 
2.320: [GC (Allocation Failure) 2.320: [DefNew: 960K->63K(960K), 0.0031616 secs] 342667K->342662K(524224K), 0.0032257 secs] [Times: user=0.00 sys=0.02, real=0.00 secs] 
2.326: [GC (Allocation Failure) 2.326: [DefNew: 959K->63K(960K), 0.0037233 secs] 343559K->343554K(524224K), 0.0037996 secs] [Times: user=0.00 sys=0.00, real=0.00 secs] 
2.332: [GC (Allocation Failure) 2.332: [DefNew: 959K->64K(960K), 0.0032139 secs] 344450K->344445K(524224K), 0.0032605 secs] [Times: user=0.00 sys=0.00, real=0.00 secs] 
2.337: [GC (Allocation Failure) 2.337: [DefNew: 960K->63K(960K), 0.0030729 secs] 345341K->345337K(524224K), 0.0031192 secs] [Times: user=0.01 sys=0.00, real=0.00 secs] 
2.341: [GC (Allocation Failure) 2.341: [DefNew: 959K->64K(960K), 0.0029356 secs] 346233K->346228K(524224K), 0.0029765 secs] [Times: user=0.00 sys=0.00, real=0.00 secs] 
2.347: [GC (Allocation Failure) 2.347: [DefNew: 960K->63K(960K), 0.0027809 secs] 347124K->347120K(524224K), 0.0028195 secs] [Times: user=0.00 sys=0.00, real=0.00 secs] 
2.351: [GC (Allocation Failure) 2.351: [DefNew: 959K->64K(960K), 0.0026836 secs] 348018K->348013K(524224K), 0.0027218 secs] [Times: user=0.02 sys=0.00, real=0.00 secs] 
2.357: [GC (Allocation Failure) 2.357: [DefNew: 960K->64K(960K), 0.0031553 secs] 348910K->348904K(524224K), 0.0032159 secs] [Times: user=0.00 sys=0.00, real=0.00 secs] 
2.361: [GC (Allocation Failure) 2.361: [DefNew: 960K->63K(960K), 0.0026146 secs] 349801K->349796K(524224K), 0.0026752 secs] [Times: user=0.00 sys=0.00, real=0.00 secs] 
2.367: [GC (Allocation Failure) 2.367: [DefNew: 959K->64K(960K), 0.0032393 secs] 350692K->350687K(524224K), 0.0032774 secs] [Times: user=0.01 sys=0.00, real=0.00 secs] 
2.372: [GC (Allocation Failure) 2.372: [DefNew: 960K->63K(960K), 0.0027520 secs] 351583K->351578K(524224K), 0.0027904 secs] [Times: user=0.00 sys=0.00, real=0.00 secs] 
2.377: [GC (Allocation Failure) 2.377: [DefNew: 959K->63K(960K), 0.0026079 secs] 352474K->352469K(524224K), 0.0026413 secs] [Times: user=0.00 sys=0.00, real=0.00 secs] 
2.381: [GC (Allocation Failure) 2.381: [DefNew: 959K->63K(960K), 0.0027518 secs] 353366K->353361K(524224K), 0.0027893 secs] [Times: user=0.00 sys=0.00, real=0.00 secs] 
2.386: [GC (Allocation Failure) 2.386: [DefNew: 959K->64K(960K), 0.0029894 secs] 354257K->354252K(524224K), 0.0030291 secs] [Times: user=0.00 sys=0.00, real=0.00 secs] 
2.390: [GC (Allocation Failure) 2.390: [DefNew: 960K->63K(960K), 0.0027253 secs] 355148K->355144K(524224K), 0.0027661 secs] [Times: user=0.00 sys=0.00, real=0.00 secs] 
2.396: [GC (Allocation Failure) 2.396: [DefNew: 959K->64K(960K), 0.0030740 secs] 356042K->356036K(524224K), 0.0031111 secs] [Times: user=0.00 sys=0.00, real=0.00 secs] 
2.401: [GC (Allocation Failure) 2.401: [DefNew: 960K->63K(960K), 0.0029410 secs] 356933K->356927K(524224K), 0.0029800 secs] [Times: user=0.02 sys=0.00, real=0.00 secs] 
2.407: [GC (Allocation Failure) 2.407: [DefNew: 959K->63K(960K), 0.0029779 secs] 357824K->357819K(524224K), 0.0030348 secs] [Times: user=0.00 sys=0.00, real=0.00 secs] 
2.412: [GC (Allocation Failure) 2.412: [DefNew: 959K->63K(960K), 0.0027223 secs] 358715K->358710K(524224K), 0.0027616 secs] [Times: user=0.00 sys=0.00, real=0.00 secs] 
2.416: [GC (Allocation Failure) 2.416: [DefNew: 959K->63K(960K), 0.0029250 secs] 359606K->359601K(524224K), 0.0029685 secs] [Times: user=0.00 sys=0.00, real=0.00 secs] 
2.420: [GC (Allocation Failure) 2.421: [DefNew: 959K->63K(960K), 0.0027949 secs] 360499K->360493K(524224K), 0.0028355 secs] [Times: user=0.00 sys=0.00, real=0.00 secs] 
2.425: [GC (Allocation Failure) 2.425: [DefNew: 959K->63K(960K), 0.0030101 secs] 361389K->361384K(524224K), 0.0030460 secs] [Times: user=0.00 sys=0.00, real=0.00 secs] 
2.430: [GC (Allocation Failure) 2.430: [DefNew: 959K->63K(960K), 0.0028399 secs] 362281K->362275K(524224K), 0.0028744 secs] [Times: user=0.00 sys=0.02, real=0.00 secs] 
2.435: [GC (Allocation Failure) 2.435: [DefNew: 959K->63K(960K), 0.0026788 secs] 363171K->363166K(524224K), 0.0027197 secs] [Times: user=0.00 sys=0.00, real=0.00 secs] 
2.440: [GC (Allocation Failure) 2.440: [DefNew: 959K->64K(960K), 0.0027570 secs] 364064K->364059K(524224K), 0.0027960 secs] [Times: user=0.00 sys=0.00, real=0.00 secs] 
2.444: [GC (Allocation Failure) 2.444: [DefNew: 960K->63K(960K), 0.0026433 secs] 364956K->364950K(524224K), 0.0026797 secs] [Times: user=0.00 sys=0.00, real=0.00 secs] 
2.450: [GC (Allocation Failure) 2.450: [DefNew: 959K->63K(960K), 0.0026836 secs] 365847K->365842K(524224K), 0.0027252 secs] [Times: user=0.00 sys=0.00, real=0.00 secs] 
2.454: [GC (Allocation Failure) 2.454: [DefNew: 959K->63K(960K), 0.0026820 secs] 366738K->366733K(524224K), 0.0027191 secs] [Times: user=0.00 sys=0.00, real=0.00 secs] 
2.460: [GC (Allocation Failure) 2.460: [DefNew: 959K->64K(960K), 0.0027515 secs] 367629K->367623K(524224K), 0.0027866 secs] [Times: user=0.00 sys=0.00, real=0.00 secs] 
2.465: [GC (Allocation Failure) 2.465: [DefNew: 960K->63K(960K), 0.0026635 secs] 368519K->368514K(524224K), 0.0027034 secs] [Times: user=0.00 sys=0.00, real=0.00 secs] 
2.472: [GC (Allocation Failure) 2.472: [DefNew: 959K->64K(960K), 0.0027335 secs] 369411K->369405K(524224K), 0.0027757 secs] [Times: user=0.00 sys=0.00, real=0.00 secs] 
2.477: [GC (Allocation Failure) 2.477: [DefNew: 960K->63K(960K), 0.0027162 secs] 370302K->370297K(524224K), 0.0027769 secs] [Times: user=0.02 sys=0.00, real=0.00 secs] 
2.482: [GC (Allocation Failure) 2.482: [DefNew: 959K->63K(960K), 0.0032753 secs] 371193K->371188K(524224K), 0.0033410 secs] [Times: user=0.00 sys=0.00, real=0.00 secs] 
2.488: [GC (Allocation Failure) 2.488: [DefNew: 959K->63K(960K), 0.0032547 secs] 372084K->372078K(524224K), 0.0033035 secs] [Times: user=0.00 sys=0.00, real=0.00 secs] 
2.494: [GC (Allocation Failure) 2.494: [DefNew: 959K->63K(960K), 0.0028744 secs] 372976K->372970K(524224K), 0.0029250 secs] [Times: user=0.00 sys=0.00, real=0.00 secs] 
2.499: [GC (Allocation Failure) 2.499: [DefNew: 959K->63K(960K), 0.0029003 secs] 373867K->373861K(524224K), 0.0029504 secs] [Times: user=0.00 sys=0.00, real=0.00 secs] 
2.505: [GC (Allocation Failure) 2.505: [DefNew: 959K->63K(960K), 0.0026339 secs] 374757K->374752K(524224K), 0.0026751 secs] [Times: user=0.00 sys=0.00, real=0.00 secs] 
2.510: [GC (Allocation Failure) 2.510: [DefNew: 959K->64K(960K), 0.0026762 secs] 375649K->375644K(524224K), 0.0027170 secs] [Times: user=0.00 sys=0.00, real=0.00 secs] 
2.517: [GC (Allocation Failure) 2.517: [DefNew: 960K->63K(960K), 0.0027872 secs] 376540K->376535K(524224K), 0.0028317 secs] [Times: user=0.00 sys=0.00, real=0.00 secs] 
2.521: [GC (Allocation Failure) 2.521: [DefNew: 959K->63K(960K), 0.0027870 secs] 377432K->377427K(524224K), 0.0028228 secs] [Times: user=0.00 sys=0.00, real=0.00 secs] 
2.526: [GC (Allocation Failure) 2.526: [DefNew: 959K->64K(960K), 0.0026586 secs] 378323K->378318K(524224K), 0.0026941 secs] [Times: user=0.00 sys=0.00, real=0.00 secs] 
2.530: [GC (Allocation Failure) 2.530: [DefNew: 960K->63K(960K), 0.0027204 secs] 379215K->379210K(524224K), 0.0027567 secs] [Times: user=0.00 sys=0.00, real=0.00 secs] 
2.535: [GC (Allocation Failure) 2.535: [DefNew: 959K->63K(960K), 0.0027633 secs] 380107K->380101K(524224K), 0.0028025 secs] [Times: user=0.00 sys=0.00, real=0.00 secs] 
2.539: [GC (Allocation Failure) 2.539: [DefNew: 959K->64K(960K), 0.0028225 secs] 380997K->380991K(524224K), 0.0028590 secs] [Times: user=0.02 sys=0.00, real=0.00 secs] 
2.546: [GC (Allocation Failure) 2.546: [DefNew: 960K->64K(960K), 0.0027994 secs] 381887K->381882K(524224K), 0.0028386 secs] [Times: user=0.00 sys=0.00, real=0.00 secs] 
2.551: [GC (Allocation Failure) 2.551: [DefNew: 960K->64K(960K), 0.0027252 secs] 382778K->382773K(524224K), 0.0027632 secs] [Times: user=0.00 sys=0.00, real=0.00 secs] 
2.555: [GC (Allocation Failure) 2.555: [DefNew: 960K->63K(960K), 0.0027815 secs] 383670K->383666K(524224K), 0.0028172 secs] [Times: user=0.02 sys=0.00, real=0.00 secs] 
2.560: [GC (Allocation Failure) 2.560: [DefNew: 959K->63K(960K), 0.0026540 secs] 384562K->384556K(524224K), 0.0026893 secs] [Times: user=0.00 sys=0.00, real=0.00 secs] 
2.564: [GC (Allocation Failure) 2.564: [DefNew: 959K->63K(960K), 0.0029126 secs] 385453K->385448K(524224K), 0.0029522 secs] [Times: user=0.00 sys=0.00, real=0.00 secs] 
2.570: [GC (Allocation Failure) 2.570: [DefNew: 959K->64K(960K), 0.0027660 secs] 386345K->386339K(524224K), 0.0028027 secs] [Times: user=0.00 sys=0.00, real=0.00 secs] 
2.575: [GC (Allocation Failure) 2.575: [DefNew: 960K->63K(960K), 0.0027122 secs] 387235K->387230K(524224K), 0.0027527 secs] [Times: user=0.00 sys=0.00, real=0.00 secs] 
2.580: [GC (Allocation Failure) 2.580: [DefNew: 959K->63K(960K), 0.0030746 secs] 388127K->388122K(524224K), 0.0031211 secs] [Times: user=0.00 sys=0.00, real=0.00 secs] 
2.584: [GC (Allocation Failure) 2.584: [DefNew: 959K->63K(960K), 0.0028135 secs] 389019K->389013K(524224K), 0.0028507 secs] [Times: user=0.00 sys=0.00, real=0.00 secs] 
2.590: [GC (Allocation Failure) 2.590: [DefNew: 959K->63K(960K), 0.0026966 secs] 389909K->389904K(524224K), 0.0027358 secs] [Times: user=0.00 sys=0.00, real=0.00 secs] 
2.594: [GC (Allocation Failure) 2.594: [DefNew: 959K->63K(960K), 0.0033910 secs] 390801K->390796K(524224K), 0.0034366 secs] [Times: user=0.00 sys=0.00, real=0.00 secs] 
2.601: [GC (Allocation Failure) 2.601: [DefNew: 959K->64K(960K), 0.0028068 secs] 391695K->391690K(524224K), 0.0028587 secs] [Times: user=0.02 sys=0.00, real=0.00 secs] 
2.606: [GC (Allocation Failure) 2.606: [DefNew: 960K->63K(960K), 0.0028860 secs] 392587K->392581K(524224K), 0.0029269 secs] [Times: user=0.00 sys=0.00, real=0.00 secs] 
2.611: [GC (Allocation Failure) 2.611: [DefNew: 959K->63K(960K), 0.0028002 secs] 393478K->393472K(524224K), 0.0028470 secs] [Times: user=0.00 sys=0.00, real=0.00 secs] 
2.616: [GC (Allocation Failure) 2.616: [DefNew: 959K->63K(960K), 0.0030033 secs] 394368K->394363K(524224K), 0.0030558 secs] [Times: user=0.00 sys=0.00, real=0.00 secs] 
2.622: [GC (Allocation Failure) 2.622: [DefNew: 959K->64K(960K), 0.0034855 secs] 395261K->395256K(524224K), 0.0035364 secs] [Times: user=0.00 sys=0.00, real=0.00 secs] 
2.627: [GC (Allocation Failure) 2.627: [DefNew: 960K->63K(960K), 0.0032115 secs] 396153K->396147K(524224K), 0.0032509 secs] [Times: user=0.00 sys=0.00, real=0.00 secs] 
2.634: [GC (Allocation Failure) 2.634: [DefNew: 959K->63K(960K), 0.0030785 secs] 397043K->397038K(524224K), 0.0031205 secs] [Times: user=0.01 sys=0.00, real=0.00 secs] 
2.639: [GC (Allocation Failure) 2.639: [DefNew: 959K->63K(960K), 0.0040071 secs] 397935K->397929K(524224K), 0.0040701 secs] [Times: user=0.00 sys=0.00, real=0.00 secs] 
2.645: [GC (Allocation Failure) 2.645: [DefNew: 959K->63K(960K), 0.0032710 secs] 398826K->398821K(524224K), 0.0033248 secs] [Times: user=0.00 sys=0.00, real=0.00 secs] 
2.651: [GC (Allocation Failure) 2.651: [DefNew: 959K->63K(960K), 0.0028834 secs] 399717K->399711K(524224K), 0.0029239 secs] [Times: user=0.02 sys=0.00, real=0.00 secs] 
2.656: [GC (Allocation Failure) 2.656: [DefNew: 959K->64K(960K), 0.0027751 secs] 400609K->400603K(524224K), 0.0028173 secs] [Times: user=0.00 sys=0.00, real=0.00 secs] 
2.660: [GC (Allocation Failure) 2.661: [DefNew: 960K->63K(960K), 0.0027798 secs] 401499K->401494K(524224K), 0.0028203 secs] [Times: user=0.00 sys=0.00, real=0.00 secs] 
2.666: [GC (Allocation Failure) 2.666: [DefNew: 959K->63K(960K), 0.0029795 secs] 402391K->402385K(524224K), 0.0030226 secs] [Times: user=0.00 sys=0.00, real=0.00 secs] 
2.671: [GC (Allocation Failure) 2.671: [DefNew: 959K->63K(960K), 0.0028440 secs] 403284K->403278K(524224K), 0.0028825 secs] [Times: user=0.00 sys=0.00, real=0.00 secs] 
2.676: [GC (Allocation Failure) 2.676: [DefNew: 959K->64K(960K), 0.0030159 secs] 404176K->404170K(524224K), 0.0030603 secs] [Times: user=0.00 sys=0.00, real=0.00 secs] 
2.682: [GC (Allocation Failure) 2.682: [DefNew: 960K->64K(960K), 0.0029746 secs] 405067K->405061K(524224K), 0.0030133 secs] [Times: user=0.03 sys=0.00, real=0.00 secs] 
2.687: [GC (Allocation Failure) 2.687: [DefNew: 960K->63K(960K), 0.0028565 secs] 405959K->405954K(524224K), 0.0028939 secs] [Times: user=0.00 sys=0.00, real=0.00 secs] 
2.693: [GC (Allocation Failure) 2.693: [DefNew: 959K->63K(960K), 0.0029413 secs] 406850K->406844K(524224K), 0.0029812 secs] [Times: user=0.00 sys=0.00, real=0.00 secs] 
2.698: [GC (Allocation Failure) 2.698: [DefNew: 959K->64K(960K), 0.0031632 secs] 407743K->407737K(524224K), 0.0032193 secs] [Times: user=0.00 sys=0.00, real=0.00 secs] 
2.705: [GC (Allocation Failure) 2.705: [DefNew: 960K->63K(960K), 0.0028183 secs] 408634K->408628K(524224K), 0.0028625 secs] [Times: user=0.00 sys=0.00, real=0.00 secs] 
2.710: [GC (Allocation Failure) 2.710: [DefNew: 959K->64K(960K), 0.0027736 secs] 409524K->409519K(524224K), 0.0028112 secs] [Times: user=0.02 sys=0.00, real=0.00 secs] 
2.716: [GC (Allocation Failure) 2.716: [DefNew: 960K->63K(960K), 0.0027452 secs] 410417K->410412K(524224K), 0.0027838 secs] [Times: user=0.00 sys=0.00, real=0.00 secs] 
2.720: [GC (Allocation Failure) 2.720: [DefNew: 959K->64K(960K), 0.0031367 secs] 411308K->411302K(524224K), 0.0031746 secs] [Times: user=0.00 sys=0.00, real=0.00 secs] 
2.725: [GC (Allocation Failure) 2.725: [DefNew: 960K->64K(960K), 0.0028452 secs] 412199K->412193K(524224K), 0.0028816 secs] [Times: user=0.00 sys=0.00, real=0.00 secs] 
2.729: [GC (Allocation Failure) 2.729: [DefNew: 960K->63K(960K), 0.0027752 secs] 413090K->413085K(524224K), 0.0028111 secs] [Times: user=0.00 sys=0.00, real=0.00 secs] 
2.735: [GC (Allocation Failure) 2.735: [DefNew: 959K->63K(960K), 0.0029144 secs] 413982K->413977K(524224K), 0.0029521 secs] [Times: user=0.00 sys=0.00, real=0.00 secs] 
2.739: [GC (Allocation Failure) 2.739: [DefNew: 959K->63K(960K), 0.0030019 secs] 414873K->414868K(524224K), 0.0030377 secs] [Times: user=0.00 sys=0.00, real=0.00 secs] 
2.744: [GC (Allocation Failure) 2.744: [DefNew: 959K->64K(960K), 0.0028646 secs] 415764K->415759K(524224K), 0.0029015 secs] [Times: user=0.00 sys=0.00, real=0.00 secs] 
2.749: [GC (Allocation Failure) 2.749: [DefNew: 960K->63K(960K), 0.0029293 secs] 416655K->416650K(524224K), 0.0029783 secs] [Times: user=0.00 sys=0.00, real=0.00 secs] 
2.753: [GC (Allocation Failure) 2.753: [DefNew: 959K->64K(960K), 0.0030171 secs] 417547K->417542K(524224K), 0.0030552 secs] [Times: user=0.00 sys=0.00, real=0.00 secs] 
2.758: [GC (Allocation Failure) 2.758: [DefNew: 960K->63K(960K), 0.0033456 secs] 418439K->418434K(524224K), 0.0033897 secs] [Times: user=0.02 sys=0.00, real=0.00 secs] 
2.765: [GC (Allocation Failure) 2.765: [DefNew: 959K->64K(960K), 0.0031290 secs] 419330K->419325K(524224K), 0.0031676 secs] [Times: user=0.00 sys=0.00, real=0.00 secs] 
2.770: [GC (Allocation Failure) 2.770: [DefNew: 960K->63K(960K), 0.0028575 secs] 420221K->420216K(524224K), 0.0028939 secs] [Times: user=0.00 sys=0.00, real=0.00 secs] 
2.776: [GC (Allocation Failure) 2.776: [DefNew: 959K->63K(960K), 0.0035409 secs] 421112K->421107K(524224K), 0.0036067 secs] [Times: user=0.00 sys=0.00, real=0.00 secs] 
2.782: [GC (Allocation Failure) 2.782: [DefNew: 959K->63K(960K), 0.0027896 secs] 422006K->422001K(524224K), 0.0028267 secs] [Times: user=0.00 sys=0.00, real=0.00 secs] 
2.787: [GC (Allocation Failure) 2.787: [DefNew: 959K->63K(960K), 0.0027643 secs] 422897K->422892K(524224K), 0.0027993 secs] [Times: user=0.00 sys=0.00, real=0.00 secs] 
2.791: [GC (Allocation Failure) 2.792: [DefNew: 959K->64K(960K), 0.0027497 secs] 423788K->423783K(524224K), 0.0027884 secs] [Times: user=0.00 sys=0.00, real=0.00 secs] 
2.797: [GC (Allocation Failure) 2.797: [DefNew: 960K->63K(960K), 0.0028313 secs] 424680K->424674K(524224K), 0.0028661 secs] [Times: user=0.00 sys=0.00, real=0.00 secs] 
2.802: [GC (Allocation Failure) 2.802: [DefNew: 959K->64K(960K), 0.0029233 secs] 425570K->425565K(524224K), 0.0029620 secs] [Times: user=0.00 sys=0.00, real=0.00 secs] 
2.807: [GC (Allocation Failure) 2.807: [DefNew: 960K->63K(960K), 0.0035782 secs] 426462K->426457K(524224K), 0.0036276 secs] [Times: user=0.00 sys=0.00, real=0.00 secs] 
2.814: [GC (Allocation Failure) 2.814: [DefNew: 959K->63K(960K), 0.0028356 secs] 427354K->427349K(524224K), 0.0028761 secs] [Times: user=0.00 sys=0.00, real=0.00 secs] 
2.820: [GC (Allocation Failure) 2.820: [DefNew: 959K->63K(960K), 0.0031044 secs] 428245K->428238K(524224K), 0.0031517 secs] [Times: user=0.00 sys=0.02, real=0.00 secs] 
2.825: [GC (Allocation Failure) 2.825: [DefNew: 959K->63K(960K), 0.0033747 secs] 429135K->429130K(524224K), 0.0034226 secs] [Times: user=0.00 sys=0.00, real=0.00 secs] 
2.831: [GC (Allocation Failure) 2.831: [DefNew: 959K->63K(960K), 0.0030743 secs] 430027K->430021K(524224K), 0.0031206 secs] [Times: user=0.00 sys=0.00, real=0.00 secs] 
2.837: [GC (Allocation Failure) 2.837: [DefNew: 959K->63K(960K), 0.0032788 secs] 430918K->430913K(524224K), 0.0033194 secs] [Times: user=0.02 sys=0.00, real=0.00 secs] 
2.842: [GC (Allocation Failure) 2.842: [DefNew: 959K->63K(960K), 0.0028147 secs] 431811K->431806K(524224K), 0.0028517 secs] [Times: user=0.00 sys=0.00, real=0.00 secs] 
2.847: [GC (Allocation Failure) 2.847: [DefNew: 959K->64K(960K), 0.0032343 secs] 432702K->432696K(524224K), 0.0032811 secs] [Times: user=0.00 sys=0.00, real=0.00 secs] 
2.853: [GC (Allocation Failure) 2.853: [DefNew: 960K->64K(960K), 0.0040734 secs] 433592K->433587K(524224K), 0.0041527 secs] [Times: user=0.02 sys=0.00, real=0.00 secs] 
2.860: [GC (Allocation Failure) 2.860: [DefNew: 960K->63K(960K), 0.0037838 secs] 434485K->434479K(524224K), 0.0038774 secs] [Times: user=0.00 sys=0.00, real=0.00 secs] 
2.867: [GC (Allocation Failure) 2.867: [DefNew: 959K->63K(960K), 0.0033886 secs] 435376K->435370K(524224K), 0.0034572 secs] [Times: user=0.01 sys=0.00, real=0.00 secs] 
2.873: [GC (Allocation Failure) 2.873: [DefNew: 959K->63K(960K), 0.0031746 secs] 436266K->436260K(524224K), 0.0032181 secs] [Times: user=0.00 sys=0.00, real=0.00 secs] 
2.878: [GC (Allocation Failure) 2.878: [DefNew: 959K->63K(960K), 0.0030196 secs] 437159K->437154K(524224K), 0.0030830 secs] [Times: user=0.00 sys=0.00, real=0.00 secs] 
2.884: [GC (Allocation Failure) 2.884: [DefNew: 959K->63K(960K), 0.0034922 secs] 438052K->438046K(524224K), 0.0035419 secs] [Times: user=0.02 sys=0.00, real=0.00 secs] 
2.889: [GC (Allocation Failure) 2.889: [DefNew: 959K->63K(960K), 0.0032261 secs] 438943K->438937K(524224K), 0.0032753 secs] [Times: user=0.00 sys=0.00, real=0.00 secs] 
2.895: [GC (Allocation Failure) 2.895: [DefNew: 959K->64K(960K), 0.0033255 secs] 439833K->439827K(524224K), 0.0033690 secs] [Times: user=0.00 sys=0.00, real=0.00 secs] 
2.901: [GC (Allocation Failure) 2.901: [DefNew: 960K->63K(960K), 0.0035411 secs] 440725K->440720K(524224K), 0.0035940 secs] [Times: user=0.01 sys=0.00, real=0.00 secs] 
2.906: [GC (Allocation Failure) 2.906: [DefNew: 959K->64K(960K), 0.0030447 secs] 441616K->441610K(524224K), 0.0030935 secs] [Times: user=0.00 sys=0.00, real=0.00 secs] 
2.911: [GC (Allocation Failure) 2.911: [DefNew: 960K->63K(960K), 0.0030950 secs] 442508K->442502K(524224K), 0.0031423 secs] [Times: user=0.00 sys=0.00, real=0.00 secs] 
2.917: [GC (Allocation Failure) 2.917: [DefNew: 959K->63K(960K), 0.0034335 secs] 443398K->443393K(524224K), 0.0035056 secs] [Times: user=0.00 sys=0.00, real=0.00 secs] 
2.922: [GC (Allocation Failure) 2.923: [DefNew: 959K->64K(960K), 0.0034641 secs] 444290K->444284K(524224K), 0.0035284 secs] [Times: user=0.00 sys=0.00, real=0.00 secs] 
2.929: [GC (Allocation Failure) 2.929: [DefNew: 960K->63K(960K), 0.0032106 secs] 445183K->445177K(524224K), 0.0032673 secs] [Times: user=0.02 sys=0.00, real=0.00 secs] 
2.934: [GC (Allocation Failure) 2.934: [DefNew: 959K->63K(960K), 0.0033293 secs] 446074K->446068K(524224K), 0.0033749 secs] [Times: user=0.00 sys=0.00, real=0.00 secs] 
2.940: [GC (Allocation Failure) 2.940: [DefNew: 959K->63K(960K), 0.0029796 secs] 446964K->446958K(524224K), 0.0030320 secs] [Times: user=0.00 sys=0.00, real=0.00 secs] 
2.944: [GC (Allocation Failure) 2.945: [DefNew: 959K->63K(960K), 0.0028313 secs] 447859K->447854K(524224K), 0.0028733 secs] [Times: user=0.00 sys=0.00, real=0.00 secs] 
2.951: [GC (Allocation Failure) 2.951: [DefNew: 959K->63K(960K), 0.0035783 secs] 448750K->448744K(524224K), 0.0036684 secs] [Times: user=0.00 sys=0.00, real=0.00 secs] 
2.957: [GC (Allocation Failure) 2.957: [DefNew: 959K->64K(960K), 0.0028795 secs] 449641K->449634K(524224K), 0.0029247 secs] [Times: user=0.00 sys=0.00, real=0.00 secs] 
2.962: [GC (Allocation Failure) 2.962: [DefNew: 960K->63K(960K), 0.0033038 secs] 450531K->450526K(524224K), 0.0033486 secs] [Times: user=0.02 sys=0.00, real=0.00 secs] 
2.968: [GC (Allocation Failure) 2.968: [DefNew: 959K->63K(960K), 0.0031505 secs] 451423K->451418K(524224K), 0.0032116 secs] [Times: user=0.00 sys=0.00, real=0.00 secs] 
2.974: [GC (Allocation Failure) 2.974: [DefNew: 959K->63K(960K), 0.0029135 secs] 452314K->452308K(524224K), 0.0029571 secs] [Times: user=0.00 sys=0.00, real=0.00 secs] 
2.978: [GC (Allocation Failure) 2.979: [DefNew: 959K->63K(960K), 0.0027114 secs] 453205K->453199K(524224K), 0.0027490 secs] [Times: user=0.02 sys=0.00, real=0.00 secs] 
2.983: [GC (Allocation Failure) 2.983: [DefNew: 959K->63K(960K), 0.0030899 secs] 454096K->454091K(524224K), 0.0031291 secs] [Times: user=0.00 sys=0.00, real=0.00 secs] 
2.989: [GC (Allocation Failure) 2.989: [DefNew: 959K->63K(960K), 0.0027099 secs] 454987K->454980K(524224K), 0.0027489 secs] [Times: user=0.00 sys=0.00, real=0.00 secs] 
2.993: [GC (Allocation Failure) 2.993: [DefNew: 959K->63K(960K), 0.0031781 secs] 455878K->455873K(524224K), 0.0032155 secs] [Times: user=0.02 sys=0.00, real=0.00 secs] 
2.998: [GC (Allocation Failure) 2.998: [DefNew: 959K->63K(960K), 0.0027464 secs] 456772K->456765K(524224K), 0.0027846 secs] [Times: user=0.00 sys=0.00, real=0.00 secs] 
3.005: [GC (Allocation Failure) 3.005: [DefNew: 959K->64K(960K), 0.0032935 secs] 457662K->457656K(524224K), 0.0033585 secs] [Times: user=0.00 sys=0.00, real=0.00 secs] 
3.011: [GC (Allocation Failure) 3.011: [DefNew: 960K->63K(960K), 0.0031289 secs] 458554K->458548K(524224K), 0.0031826 secs] [Times: user=0.00 sys=0.00, real=0.00 secs] 
3.024: [GC (Allocation Failure) 3.024: [DefNew: 959K->64K(960K), 0.0099185 secs] 467636K->467631K(524224K), 0.0100018 secs] [Times: user=0.02 sys=0.00, real=0.01 secs] 
3.092: [GC (Allocation Failure) 3.092: [DefNew: 960K->63K(960K), 0.0192064 secs] 468528K->468523K(524224K), 0.0192886 secs] [Times: user=0.02 sys=0.00, real=0.02 secs] 
3.112: [GC (Allocation Failure) 3.112: [DefNew: 959K->63K(960K), 0.0037197 secs] 469420K->469413K(524224K), 0.0037845 secs] [Times: user=0.00 sys=0.00, real=0.00 secs] 
3.118: [GC (Allocation Failure) 3.118: [DefNew: 959K->64K(960K), 0.0028902 secs] 470310K->470304K(524224K), 0.0029294 secs] [Times: user=0.02 sys=0.00, real=0.00 secs] 
3.123: [GC (Allocation Failure) 3.123: [DefNew: 960K->63K(960K), 0.0037251 secs] 471201K->471195K(524224K), 0.0037765 secs] [Times: user=0.00 sys=0.00, real=0.00 secs] 
3.129: [GC (Allocation Failure) 3.129: [DefNew: 959K->63K(960K), 0.0032863 secs] 472091K->472087K(524224K), 0.0033457 secs] [Times: user=0.00 sys=0.00, real=0.00 secs] 
3.134: [GC (Allocation Failure) 3.134: [DefNew: 959K->63K(960K), 0.0030192 secs] 472983K->472978K(524224K), 0.0030736 secs] [Times: user=0.02 sys=0.00, real=0.00 secs] 
3.140: [GC (Allocation Failure) 3.140: [DefNew: 959K->63K(960K), 0.0028176 secs] 473875K->473870K(524224K), 0.0028590 secs] [Times: user=0.00 sys=0.00, real=0.00 secs] 
3.145: [GC (Allocation Failure) 3.145: [DefNew: 959K->63K(960K), 0.0028707 secs] 474767K->474760K(524224K), 0.0029083 secs] [Times: user=0.00 sys=0.00, real=0.00 secs] 
3.151: [GC (Allocation Failure) 3.151: [DefNew: 959K->63K(960K), 0.0033154 secs] 475656K->475652K(524224K), 0.0033603 secs] [Times: user=0.00 sys=0.00, real=0.00 secs] 
3.156: [GC (Allocation Failure) 3.156: [DefNew: 959K->63K(960K), 0.0033316 secs] 476548K->476544K(524224K), 0.0033792 secs] [Times: user=0.00 sys=0.00, real=0.00 secs] 
3.162: [GC (Allocation Failure) 3.162: [DefNew: 959K->63K(960K), 0.0029709 secs] 477440K->477433K(524224K), 0.0030165 secs] [Times: user=0.00 sys=0.00, real=0.00 secs] 
3.168: [GC (Allocation Failure) 3.168: [DefNew: 959K->64K(960K), 0.0027672 secs] 478330K->478325K(524224K), 0.0028136 secs] [Times: user=0.00 sys=0.00, real=0.00 secs] 
3.172: [GC (Allocation Failure) 3.172: [DefNew: 960K->63K(960K), 0.0033858 secs] 479221K->479216K(524224K), 0.0034269 secs] [Times: user=0.00 sys=0.00, real=0.00 secs] 
3.178: [GC (Allocation Failure) 3.178: [DefNew: 959K->63K(960K), 0.0028741 secs] 480112K->480107K(524224K), 0.0029248 secs] [Times: user=0.00 sys=0.00, real=0.00 secs] 
3.183: [GC (Allocation Failure) 3.183: [DefNew: 959K->64K(960K), 0.0029485 secs] 481003K->480998K(524224K), 0.0030010 secs] [Times: user=0.00 sys=0.00, real=0.00 secs] 
3.190: [GC (Allocation Failure) 3.190: [DefNew: 960K->63K(960K), 0.0030477 secs] 481894K->481890K(524224K), 0.0030947 secs] [Times: user=0.00 sys=0.00, real=0.00 secs] 
3.194: [GC (Allocation Failure) 3.194: [DefNew: 959K->63K(960K), 0.0027457 secs] 482786K->482781K(524224K), 0.0027793 secs] [Times: user=0.00 sys=0.00, real=0.00 secs] 
3.200: [GC (Allocation Failure) 3.200: [DefNew: 959K->64K(960K), 0.0029875 secs] 483678K->483673K(524224K), 0.0030289 secs] [Times: user=0.00 sys=0.00, real=0.00 secs] 
3.204: [GC (Allocation Failure) 3.204: [DefNew: 960K->63K(960K), 0.0028623 secs] 484569K->484564K(524224K), 0.0029006 secs] [Times: user=0.00 sys=0.00, real=0.00 secs] 
3.210: [GC (Allocation Failure) 3.210: [DefNew: 959K->64K(960K), 0.0026724 secs] 485461K->485455K(524224K), 0.0027117 secs] [Times: user=0.00 sys=0.00, real=0.00 secs] 
3.214: [GC (Allocation Failure) 3.214: [DefNew: 960K->63K(960K), 0.0026909 secs] 486351K->486347K(524224K), 0.0027327 secs] [Times: user=0.00 sys=0.00, real=0.00 secs] 
3.220: [GC (Allocation Failure) 3.220: [DefNew: 959K->63K(960K), 0.0021481 secs] 487243K->487224K(524224K), 0.0021903 secs] [Times: user=0.00 sys=0.00, real=0.00 secs] 
3.223: [GC (Allocation Failure) 3.223: [DefNew: 959K->64K(960K), 0.0014756 secs] 488120K->488097K(524224K), 0.0015142 secs] [Times: user=0.00 sys=0.00, real=0.00 secs] 
3.227: [GC (Allocation Failure) 3.227: [DefNew: 960K->63K(960K), 0.0013810 secs] 488998K->488944K(524224K), 0.0014169 secs] [Times: user=0.00 sys=0.00, real=0.00 secs] 
3.229: [GC (Allocation Failure) 3.229: [DefNew: 959K->63K(960K), 0.0013140 secs] 489844K->489755K(524224K), 0.0013484 secs] [Times: user=0.00 sys=0.00, real=0.00 secs] 
3.232: [GC (Allocation Failure) 3.232: [DefNew: 959K->63K(960K), 0.0013546 secs] 490657K->490590K(524224K), 0.0013928 secs] [Times: user=0.00 sys=0.00, real=0.00 secs] 
3.235: [GC (Allocation Failure) 3.235: [DefNew: 959K->64K(960K), 0.0014183 secs] 491490K->491428K(524224K), 0.0014559 secs] [Times: user=0.00 sys=0.00, real=0.00 secs] 
3.237: [GC (Allocation Failure) 3.237: [DefNew: 960K->63K(960K), 0.0015239 secs] 492327K->492286K(524224K), 0.0015708 secs] [Times: user=0.00 sys=0.00, real=0.00 secs] 
3.240: [GC (Allocation Failure) 3.240: [DefNew: 959K->64K(960K), 0.0012704 secs] 493194K->493081K(524224K), 0.0013045 secs] [Times: user=0.00 sys=0.00, real=0.00 secs] 
3.242: [GC (Allocation Failure) 3.242: [DefNew: 960K->63K(960K), 0.0014034 secs] 493979K->493922K(524224K), 0.0014404 secs] [Times: user=0.00 sys=0.00, real=0.00 secs] 
3.245: [GC (Allocation Failure) 3.245: [DefNew: 959K->63K(960K), 0.0013808 secs] 494825K->494724K(524224K), 0.0014217 secs] [Times: user=0.00 sys=0.00, real=0.00 secs] 
3.248: [GC (Allocation Failure) 3.248: [DefNew: 959K->64K(960K), 0.0014372 secs] 495621K->495579K(524224K), 0.0014711 secs] [Times: user=0.00 sys=0.00, real=0.00 secs] 
3.252: [GC (Allocation Failure) 3.252: [DefNew: 960K->63K(960K), 0.0014871 secs] 496475K->496451K(524224K), 0.0015233 secs] [Times: user=0.00 sys=0.00, real=0.00 secs] 
3.255: [GC (Allocation Failure) 3.255: [DefNew: 959K->63K(960K), 0.0015099 secs] 497352K->497270K(524224K), 0.0015439 secs] [Times: user=0.00 sys=0.00, real=0.00 secs] 
3.260: [GC (Allocation Failure) 3.260: [DefNew: 959K->63K(960K), 0.0014950 secs] 498169K->498102K(524224K), 0.0015390 secs] [Times: user=0.00 sys=0.00, real=0.00 secs] 
3.263: [GC (Allocation Failure) 3.263: [DefNew: 959K->63K(960K), 0.0015352 secs] 498999K->498964K(524224K), 0.0015704 secs] [Times: user=0.00 sys=0.00, real=0.00 secs] 
3.267: [GC (Allocation Failure) 3.267: [DefNew: 959K->63K(960K), 0.0017468 secs] 499863K->499822K(524224K), 0.0017848 secs] [Times: user=0.00 sys=0.00, real=0.00 secs] 
3.270: [GC (Allocation Failure) 3.270: [DefNew: 959K->63K(960K), 0.0015220 secs] 500720K->500687K(524224K), 0.0015723 secs] [Times: user=0.00 sys=0.00, real=0.00 secs] 
3.274: [GC (Allocation Failure) 3.274: [DefNew: 959K->63K(960K), 0.0015126 secs] 501584K->501530K(524224K), 0.0015495 secs] [Times: user=0.00 sys=0.00, real=0.00 secs] 
3.277: [GC (Allocation Failure) 3.277: [DefNew: 959K->63K(960K), 0.0016122 secs] 502426K->502410K(524224K), 0.0016533 secs] [Times: user=0.00 sys=0.00, real=0.00 secs] 
3.282: [GC (Allocation Failure) 3.282: [DefNew: 959K->63K(960K), 0.0013614 secs] 503311K->503232K(524224K), 0.0013964 secs] [Times: user=0.00 sys=0.00, real=0.00 secs] 
3.286: [GC (Allocation Failure) 3.286: [DefNew: 959K->63K(960K), 0.0014503 secs] 504128K->504105K(524224K), 0.0014877 secs] [Times: user=0.00 sys=0.00, real=0.00 secs] 
3.288: [GC (Allocation Failure) 3.288: [DefNew: 959K->63K(960K), 0.0015268 secs] 505002K->504981K(524224K), 0.0015648 secs] [Times: user=0.00 sys=0.00, real=0.00 secs] 
3.293: [GC (Allocation Failure) 3.293: [DefNew: 959K->63K(960K), 0.0016760 secs] 505880K->505832K(524224K), 0.0017298 secs] [Times: user=0.00 sys=0.00, real=0.00 secs] 
3.296: [GC (Allocation Failure) 3.296: [DefNew: 959K->64K(960K), 0.0015757 secs] 506732K->506642K(524224K), 0.0016278 secs] [Times: user=0.00 sys=0.00, real=0.00 secs] 
3.300: [GC (Allocation Failure) 3.300: [DefNew: 960K->64K(960K), 0.0014555 secs] 507542K->507454K(524224K), 0.0014962 secs] [Times: user=0.00 sys=0.00, real=0.00 secs] 
3.303: [GC (Allocation Failure) 3.303: [DefNew: 960K->63K(960K), 0.0015842 secs] 508350K->508329K(524224K), 0.0016214 secs] [Times: user=0.00 sys=0.00, real=0.00 secs] 
3.307: [GC (Allocation Failure) 3.307: [DefNew: 959K->63K(960K), 0.0015652 secs] 509226K->509210K(524224K), 0.0016139 secs] [Times: user=0.00 sys=0.00, real=0.00 secs] 
3.310: [GC (Allocation Failure) 3.310: [DefNew: 959K->63K(960K), 0.0015920 secs] 510111K->510022K(524224K), 0.0016299 secs] [Times: user=0.00 sys=0.00, real=0.00 secs] 
3.314: [GC (Allocation Failure) 3.314: [DefNew: 959K->64K(960K), 0.0016612 secs] 510918K->510899K(524224K), 0.0016990 secs] [Times: user=0.00 sys=0.00, real=0.00 secs] 
3.317: [GC (Allocation Failure) 3.317: [DefNew: 960K->64K(960K), 0.0015762 secs] 511795K->511766K(524224K), 0.0016116 secs] [Times: user=0.00 sys=0.00, real=0.00 secs] 
3.321: [GC (Allocation Failure) 3.321: [DefNew: 960K->63K(960K), 0.0015198 secs] 512665K->512598K(524224K), 0.0015554 secs] [Times: user=0.00 sys=0.00, real=0.00 secs] 
3.323: [GC (Allocation Failure) 3.323: [DefNew: 959K->63K(960K), 0.0014882 secs] 513495K->513454K(524224K), 0.0015254 secs] [Times: user=0.00 sys=0.00, real=0.00 secs] 
3.328: [GC (Allocation Failure) 3.328: [DefNew: 959K->63K(960K), 0.0015832 secs] 514350K->514324K(524224K), 0.0016224 secs] [Times: user=0.00 sys=0.00, real=0.00 secs] 
3.331: [GC (Allocation Failure) 3.331: [DefNew: 959K->63K(960K), 0.0016519 secs] 515222K->515192K(524224K), 0.0017060 secs] [Times: user=0.00 sys=0.00, real=0.00 secs] 
3.336: [GC (Allocation Failure) 3.336: [DefNew: 959K->64K(960K), 0.0017626 secs] 516088K->516052K(524224K), 0.0018166 secs] [Times: user=0.00 sys=0.00, real=0.00 secs] 
3.339: [GC (Allocation Failure) 3.339: [DefNew: 960K->63K(960K), 0.0016669 secs] 516949K->516930K(524224K), 0.0017089 secs] [Times: user=0.00 sys=0.00, real=0.00 secs] 
3.344: [GC (Allocation Failure) 3.344: [DefNew: 959K->64K(960K), 0.0017396 secs] 517827K->517810K(524224K), 0.0017799 secs] [Times: user=0.00 sys=0.00, real=0.00 secs] 
3.349: [GC (Allocation Failure) 3.349: [DefNew: 960K->64K(960K), 0.0016219 secs] 518706K->518679K(524224K), 0.0016800 secs] [Times: user=0.00 sys=0.00, real=0.00 secs] 
3.352: [GC (Allocation Failure) 3.352: [DefNew: 960K->64K(960K), 0.0019402 secs] 519576K->519563K(524224K), 0.0019789 secs] [Times: user=0.00 sys=0.01, real=0.00 secs] 
3.356: [GC (Allocation Failure) 3.356: [DefNew: 960K->64K(960K), 0.0014879 secs] 520460K->520387K(524224K), 0.0015231 secs] [Times: user=0.00 sys=0.00, real=0.00 secs] 
3.359: [GC (Allocation Failure) 3.359: [DefNew: 960K->63K(960K), 0.0016817 secs] 521283K->521272K(524224K), 0.0017190 secs] [Times: user=0.00 sys=0.00, real=0.00 secs] 
3.364: [GC (Allocation Failure) 3.364: [DefNew: 959K->63K(960K), 0.0014928 secs] 522170K->522116K(524224K), 0.0015296 secs] [Times: user=0.00 sys=0.00, real=0.00 secs] 
3.366: [GC (Allocation Failure) 3.366: [DefNew: 959K->64K(960K), 0.0016507 secs] 523013K->522964K(524224K), 0.0017224 secs] [Times: user=0.00 sys=0.00, real=0.00 secs] 
3.372: [GC (Allocation Failure) 3.372: [DefNew: 960K->960K(960K), 0.0000114 secs]3.372: [Tenured: 522902K->523263K(523264K), 0.3597512 secs] 523862K->523834K(524224K), [Metaspace: 3528K->3528K(1056768K)], 0.3598443 secs] [Times: user=0.36 sys=0.00, real=0.36 secs] 
3.732: [Full GC (Allocation Failure) 3.732: [Tenured: 523263K->523263K(523264K), 0.3869193 secs] 524159K->524157K(524224K), [Metaspace: 3528K->3528K(1056768K)], 0.3869770 secs] [Times: user=0.39 sys=0.00, real=0.39 secs] 
4.119: [Full GC (Allocation Failure) 4.119: [Tenured: 523263K->513737K(523264K), 0.4651913 secs] 524157K->513737K(524224K), [Metaspace: 3528K->3528K(1056768K)], 0.4652507 secs] [Times: user=0.45 sys=0.00, real=0.46 secs] 
4.586: [GC (Allocation Failure) 4.586: [DefNew: 896K->63K(960K), 0.0012901 secs] 514634K->514626K(524224K), 0.0013475 secs] [Times: user=0.00 sys=0.00, real=0.00 secs] 
4.588: [GC (Allocation Failure) 4.588: [DefNew: 959K->63K(960K), 0.0016808 secs] 515563K->515534K(524224K), 0.0017284 secs] [Times: user=0.00 sys=0.00, real=0.00 secs] 
4.592: [GC (Allocation Failure) 4.592: [DefNew: 959K->64K(960K), 0.0016705 secs] 516431K->516415K(524224K), 0.0017252 secs] [Times: user=0.00 sys=0.00, real=0.00 secs] 
4.595: [GC (Allocation Failure) 4.595: [DefNew: 960K->64K(960K), 0.0015706 secs] 517312K->517299K(524224K), 0.0016189 secs] [Times: user=0.00 sys=0.00, real=0.00 secs] 
4.599: [GC (Allocation Failure) 4.599: [DefNew: 960K->63K(960K), 0.0013358 secs] 518197K->518144K(524224K), 0.0013832 secs] [Times: user=0.00 sys=0.00, real=0.00 secs] 
4.602: [GC (Allocation Failure) 4.602: [DefNew: 959K->63K(960K), 0.0014508 secs] 519042K->519028K(524224K), 0.0014964 secs] [Times: user=0.00 sys=0.00, real=0.00 secs] 
4.605: [GC (Allocation Failure) 4.605: [DefNew: 959K->64K(960K), 0.0014624 secs] 519955K->519922K(524224K), 0.0015106 secs] [Times: user=0.00 sys=0.00, real=0.00 secs] 
4.609: [GC (Allocation Failure) 4.609: [DefNew: 960K->63K(960K), 0.0015229 secs] 520846K->520795K(524224K), 0.0015683 secs] [Times: user=0.00 sys=0.00, real=0.00 secs] 
4.612: [GC (Allocation Failure) 4.612: [DefNew: 959K->63K(960K), 0.0016257 secs] 521691K->521663K(524224K), 0.0016653 secs] [Times: user=0.00 sys=0.00, real=0.00 secs] 
4.617: [GC (Allocation Failure) 4.617: [DefNew: 959K->64K(960K), 0.0013795 secs] 522559K->522497K(524224K), 0.0014273 secs] [Times: user=0.00 sys=0.00, real=0.00 secs] 
4.619: [GC (Allocation Failure) 4.619: [DefNew: 960K->960K(960K), 0.0000105 secs]4.619: [Tenured: 522434K->523263K(523264K), 0.5714182 secs] 523394K->523315K(524224K), [Metaspace: 3528K->3528K(1056768K)], 0.5714986 secs] [Times: user=0.56 sys=0.00, real=0.57 secs] 
5.194: [Full GC (Allocation Failure) 5.194: [Tenured: 523263K->523263K(523264K), 0.5029429 secs] 524159K->524136K(524224K), [Metaspace: 3528K->3528K(1056768K)], 0.5030249 secs] [Times: user=0.50 sys=0.00, real=0.50 secs] 
5.697: [Full GC (Allocation Failure) 5.697: [Tenured: 523263K->523263K(523264K), 0.5679747 secs] 524136K->524135K(524224K), [Metaspace: 3528K->3528K(1056768K)], 0.5680245 secs] [Times: user=0.53 sys=0.05, real=0.57 secs] 
6.267: [Full GC (Allocation Failure) 6.267: [Tenured: 523263K->5103K(523264K), 0.0750676 secs] 524160K->5103K(524224K), [Metaspace: 3553K->3553K(1056768K)], 0.0751368 secs] [Times: user=0.08 sys=0.00, real=0.08 secs] 
Heap
 def new generation   total 960K, used 11K [0x00000000e0000000, 0x00000000e0100000, 0x00000000e0100000)
  eden space 896K,   1% used [0x00000000e0000000, 0x00000000e0002f68, 0x00000000e00e0000)
  from space 64K,   0% used [0x00000000e00f0000, 0x00000000e00f0000, 0x00000000e0100000)
  to   space 64K,   0% used [0x00000000e00e0000, 0x00000000e00e0000, 0x00000000e00f0000)
 tenured generation   total 523264K, used 5103K [0x00000000e0100000, 0x0000000100000000, 0x0000000100000000)
   the space 523264K,   0% used [0x00000000e0100000, 0x00000000e05fbe20, 0x00000000e05fc000, 0x0000000100000000)
 Metaspace       used 3560K, capacity 4506K, committed 4864K, reserved 1056768K
  class space    used 392K, capacity 394K, committed 512K, reserved 1048576K
